Archive member included to satisfy reference by file (symbol)

/usr/lib/gcc/arm-none-eabi/10.3.1/thumb/v6-m/nofp/libgcc.a(_dvmd_tls.o)
                              CMakeFiles/V2315CF_PICO.dir/content/pico/pico-sdk/src/rp2_common/pico_divider/divider_hardware.S.o (__aeabi_idiv0)
/usr/lib/gcc/arm-none-eabi/10.3.1/../../../arm-none-eabi/lib/thumb/v6-m/nofp/libg.a(lib_a-atexit.o)
                              /usr/lib/gcc/arm-none-eabi/10.3.1/../../../arm-none-eabi/lib/thumb/v6-m/nofp/crt0.o (atexit)
/usr/lib/gcc/arm-none-eabi/10.3.1/../../../arm-none-eabi/lib/thumb/v6-m/nofp/libg.a(lib_a-calloc.o)
                              CMakeFiles/V2315CF_PICO.dir/content/pico/pico-sdk/src/rp2_common/pico_malloc/malloc.c.o (calloc)
/usr/lib/gcc/arm-none-eabi/10.3.1/../../../arm-none-eabi/lib/thumb/v6-m/nofp/libg.a(lib_a-callocr.o)
                              /usr/lib/gcc/arm-none-eabi/10.3.1/../../../arm-none-eabi/lib/thumb/v6-m/nofp/libg.a(lib_a-calloc.o) (_calloc_r)
/usr/lib/gcc/arm-none-eabi/10.3.1/../../../arm-none-eabi/lib/thumb/v6-m/nofp/libg.a(lib_a-errno.o)
                              CMakeFiles/V2315CF_PICO.dir/lib/no-OS-FatFS-SD-SPI-RPi-Pico/FatFs_SPI/src/ff_stdio.c.o (__errno)
/usr/lib/gcc/arm-none-eabi/10.3.1/../../../arm-none-eabi/lib/thumb/v6-m/nofp/libg.a(lib_a-fflush.o)
                              CMakeFiles/V2315CF_PICO.dir/lib/no-OS-FatFS-SD-SPI-RPi-Pico/FatFs_SPI/sd_driver/demo_logging.c.o (fflush)
/usr/lib/gcc/arm-none-eabi/10.3.1/../../../arm-none-eabi/lib/thumb/v6-m/nofp/libg.a(lib_a-findfp.o)
                              /usr/lib/gcc/arm-none-eabi/10.3.1/../../../arm-none-eabi/lib/thumb/v6-m/nofp/libg.a(lib_a-fflush.o) (__sinit)
/usr/lib/gcc/arm-none-eabi/10.3.1/../../../arm-none-eabi/lib/thumb/v6-m/nofp/libg.a(lib_a-fini.o)
                              /usr/lib/gcc/arm-none-eabi/10.3.1/../../../arm-none-eabi/lib/thumb/v6-m/nofp/crt0.o (__libc_fini_array)
/usr/lib/gcc/arm-none-eabi/10.3.1/../../../arm-none-eabi/lib/thumb/v6-m/nofp/libg.a(lib_a-freer.o)
                              /usr/lib/gcc/arm-none-eabi/10.3.1/../../../arm-none-eabi/lib/thumb/v6-m/nofp/libg.a(lib_a-fflush.o) (_free_r)
/usr/lib/gcc/arm-none-eabi/10.3.1/../../../arm-none-eabi/lib/thumb/v6-m/nofp/libg.a(lib_a-fwalk.o)
                              /usr/lib/gcc/arm-none-eabi/10.3.1/../../../arm-none-eabi/lib/thumb/v6-m/nofp/libg.a(lib_a-findfp.o) (_fwalk)
/usr/lib/gcc/arm-none-eabi/10.3.1/../../../arm-none-eabi/lib/thumb/v6-m/nofp/libg.a(lib_a-impure.o)
                              /usr/lib/gcc/arm-none-eabi/10.3.1/../../../arm-none-eabi/lib/thumb/v6-m/nofp/libg.a(lib_a-fflush.o) (_global_impure_ptr)
/usr/lib/gcc/arm-none-eabi/10.3.1/../../../arm-none-eabi/lib/thumb/v6-m/nofp/libg.a(lib_a-init.o)
                              /usr/lib/gcc/arm-none-eabi/10.3.1/../../../arm-none-eabi/lib/thumb/v6-m/nofp/crt0.o (__libc_init_array)
/usr/lib/gcc/arm-none-eabi/10.3.1/../../../arm-none-eabi/lib/thumb/v6-m/nofp/libg.a(lib_a-lcltime_r.o)
                              CMakeFiles/V2315CF_PICO.dir/content/pico/pico-sdk/src/common/pico_util/datetime.c.o (localtime_r)
/usr/lib/gcc/arm-none-eabi/10.3.1/../../../arm-none-eabi/lib/thumb/v6-m/nofp/libg.a(lib_a-malloc.o)
                              CMakeFiles/V2315CF_PICO.dir/content/pico/pico-sdk/src/rp2_common/pico_malloc/malloc.c.o (malloc)
/usr/lib/gcc/arm-none-eabi/10.3.1/../../../arm-none-eabi/lib/thumb/v6-m/nofp/libg.a(lib_a-mallocr.o)
                              /usr/lib/gcc/arm-none-eabi/10.3.1/../../../arm-none-eabi/lib/thumb/v6-m/nofp/libg.a(lib_a-callocr.o) (_malloc_r)
/usr/lib/gcc/arm-none-eabi/10.3.1/../../../arm-none-eabi/lib/thumb/v6-m/nofp/libg.a(lib_a-memcmp.o)
                              CMakeFiles/V2315CF_PICO.dir/content/pico/pico-sdk/src/rp2_common/pico_atomic/atomic.c.o (memcmp)
/usr/lib/gcc/arm-none-eabi/10.3.1/../../../arm-none-eabi/lib/thumb/v6-m/nofp/libg.a(lib_a-mktime.o)
                              CMakeFiles/V2315CF_PICO.dir/content/pico/pico-sdk/src/common/pico_util/datetime.c.o (mktime)
/usr/lib/gcc/arm-none-eabi/10.3.1/../../../arm-none-eabi/lib/thumb/v6-m/nofp/libg.a(lib_a-mlock.o)
                              /usr/lib/gcc/arm-none-eabi/10.3.1/../../../arm-none-eabi/lib/thumb/v6-m/nofp/libg.a(lib_a-freer.o) (__malloc_lock)
/usr/lib/gcc/arm-none-eabi/10.3.1/../../../arm-none-eabi/lib/thumb/v6-m/nofp/libg.a(lib_a-month_lengths.o)
                              /usr/lib/gcc/arm-none-eabi/10.3.1/../../../arm-none-eabi/lib/thumb/v6-m/nofp/libg.a(lib_a-lcltime_r.o) (__month_lengths)
/usr/lib/gcc/arm-none-eabi/10.3.1/../../../arm-none-eabi/lib/thumb/v6-m/nofp/libg.a(lib_a-realloc.o)
                              CMakeFiles/V2315CF_PICO.dir/content/pico/pico-sdk/src/rp2_common/pico_malloc/malloc.c.o (realloc)
/usr/lib/gcc/arm-none-eabi/10.3.1/../../../arm-none-eabi/lib/thumb/v6-m/nofp/libg.a(lib_a-reallocr.o)
                              /usr/lib/gcc/arm-none-eabi/10.3.1/../../../arm-none-eabi/lib/thumb/v6-m/nofp/libg.a(lib_a-realloc.o) (_realloc_r)
[...]
Memory Configuration

Name             Origin             Length             Attributes
FLASH            0x0000000010000000 0x0000000000200000 xr
RAM              0x0000000020000000 0x0000000000040000 xrw
SCRATCH_X        0x0000000020040000 0x0000000000001000 xrw
SCRATCH_Y        0x0000000020041000 0x0000000000001000 xrw
*default*        0x0000000000000000 0xffffffffffffffff

Linker script and memory map

LOAD /usr/lib/gcc/arm-none-eabi/10.3.1/thumb/v6-m/nofp/crti.o
LOAD /usr/lib/gcc/arm-none-eabi/10.3.1/thumb/v6-m/nofp/crtbegin.o
LOAD /usr/lib/gcc/arm-none-eabi/10.3.1/../../../arm-none-eabi/lib/thumb/v6-m/nofp/crt0.o

.flash_begin    0x0000000010000000        0x0
                0x0000000010000000                __flash_binary_start = .

.boot2          0x0000000010000000      0x100
                0x0000000010000000                __boot2_start__ = .
 *(.boot2)
 .boot2         0x0000000010000000      0x100 ../pico-sdk/src/rp2040/boot_stage2/CMakeFiles/bs2_default_library.dir/bs2_default_padded_checksummed.S.o
                0x0000000010000100                __boot2_end__ = .
                0x0000000000000001                ASSERT (((__boot2_end__ - __boot2_start__) == 0x100), ERROR: Pico second stage bootloader must be 256 bytes in size)

.text           0x0000000010000100    0x100d8
                0x0000000010000100                __logical_binary_start = .
 *(.vectors)
 .vectors       0x0000000010000100       0xd4 CMakeFiles/V2315CF_PICO.dir/content/pico/pico-sdk/src/rp2_common/pico_crt0/crt0.S.o
                0x0000000010000100                __vectors
                0x0000000010000100                __VECTOR_TABLE
                0x00000000100001c0                isr_invalid
                0x00000000100001c0                __default_isrs_start
                0x00000000100001c2                isr_nmi
                0x00000000100001c4                isr_hardfault
                0x00000000100001c6                isr_svcall
                0x00000000100001c8                isr_pendsv
                0x00000000100001ca                isr_systick
                0x00000000100001cc                isr_irq30
                0x00000000100001cc                __unhandled_user_irq
                0x00000000100001cc                isr_irq13
                0x00000000100001cc                isr_irq27
                0x00000000100001cc                isr_irq31
                0x00000000100001cc                isr_irq5
                0x00000000100001cc                isr_irq11
                0x00000000100001cc                isr_irq23
                0x00000000100001cc                isr_irq18
                0x00000000100001cc                isr_irq28
                0x00000000100001cc                isr_irq19
                0x00000000100001cc                isr_irq0
                0x00000000100001cc                isr_irq6
                0x00000000100001cc                isr_irq22
                0x00000000100001cc                isr_irq17
                0x00000000100001cc                isr_irq14
                0x00000000100001cc                isr_irq2
                0x00000000100001cc                isr_irq10
                0x00000000100001cc                isr_irq8
                0x00000000100001cc                isr_irq24
                0x00000000100001cc                isr_irq1
                0x00000000100001cc                isr_irq7
                0x00000000100001cc                isr_irq21
                0x00000000100001cc                isr_irq20
                0x00000000100001cc                isr_irq15
                0x00000000100001cc                isr_irq25
                0x00000000100001cc                isr_irq4
                0x00000000100001cc                isr_irq16
                0x00000000100001cc                isr_irq29
                0x00000000100001cc                isr_irq26
                0x00000000100001cc                __default_isrs_end
                0x00000000100001cc                isr_irq3
                0x00000000100001cc                isr_irq12
                0x00000000100001cc                isr_irq9
                0x00000000100001d2                unhandled_user_irq_num_in_r0
 *(.binary_info_header)
 .binary_info_header
                0x00000000100001d4       0x14 CMakeFiles/V2315CF_PICO.dir/content/pico/pico-sdk/src/rp2_common/pico_crt0/crt0.S.o
                0x00000000100001e8                __binary_info_header_end = .
 *(.embedded_block)
                0x00000000100001e8                __embedded_block_end = .
 *(.reset)
 .reset         0x00000000100001e8       0x9c CMakeFiles/V2315CF_PICO.dir/content/pico/pico-sdk/src/rp2_common/pico_crt0/crt0.S.o
                0x00000000100001e8                _entry_point
 *(.init)
 .init          0x0000000010000284        0x4 /usr/lib/gcc/arm-none-eabi/10.3.1/thumb/v6-m/nofp/crti.o
                0x0000000010000284                _init
 *(EXCLUDE_FILE(*libm.a: *libc.a:*lib_a-mem*.o *libgcc.a:) .text*)
 .text          0x0000000010000288       0x98 /usr/lib/gcc/arm-none-eabi/10.3.1/thumb/v6-m/nofp/crtbegin.o
 .text._Z8callbackPv
                0x0000000010000320       0x10 CMakeFiles/V2315CF_PICO.dir/V2315CF_PICO.cpp.o
                0x0000000010000320                callback(void*)
 .text._Z13gpio_callbackjm
                0x0000000010000330       0x80 CMakeFiles/V2315CF_PICO.dir/V2315CF_PICO.cpp.o
                0x0000000010000330                gpio_callback(unsigned int, unsigned long)
 .text._Z17initialize_systemv
                0x00000000100003b0      0x17c CMakeFiles/V2315CF_PICO.dir/V2315CF_PICO.cpp.o
                0x00000000100003b0                initialize_system()
 .text.startup.main
                0x000000001000052c      0x128 CMakeFiles/V2315CF_PICO.dir/V2315CF_PICO.cpp.o
                0x000000001000052c                main
 .text._Z23read_write_spi_registerhh
                0x0000000010000654       0x48 CMakeFiles/V2315CF_PICO.dir/emulator_hardware.cpp.o
                0x0000000010000654                read_write_spi_register(unsigned char, unsigned char)
 .text._Z17get_disk_unlockedv
                0x000000001000069c       0x4c CMakeFiles/V2315CF_PICO.dir/emulator_hardware.cpp.o
                0x000000001000069c                get_disk_unlocked()
 .text._Z14get_disk_faultv
                0x00000000100006e8       0x4c CMakeFiles/V2315CF_PICO.dir/emulator_hardware.cpp.o
                0x00000000100006e8                get_disk_fault()
 .text._Z14get_disk_readyv
                0x0000000010000734       0x4c CMakeFiles/V2315CF_PICO.dir/emulator_hardware.cpp.o
                0x0000000010000734                get_disk_ready()
 .text._Z13get_read_onlyv
                0x0000000010000780       0x48 CMakeFiles/V2315CF_PICO.dir/emulator_hardware.cpp.o
                0x0000000010000780                get_read_only()
 .text._Z13get_real_modev
                0x00000000100007c8       0x4c CMakeFiles/V2315CF_PICO.dir/emulator_hardware.cpp.o
                0x00000000100007c8                get_real_mode()
 .text._Z9toggle_wpv
                0x0000000010000814       0x48 CMakeFiles/V2315CF_PICO.dir/emulator_hardware.cpp.o
                0x0000000010000814                toggle_wp()
 .text._Z14set_cart_readyv
                0x000000001000085c       0x7c CMakeFiles/V2315CF_PICO.dir/emulator_hardware.cpp.o
                0x000000001000085c                set_cart_ready()
 .text._Z16clear_cart_readyv
                0x00000000100008d8       0x7c CMakeFiles/V2315CF_PICO.dir/emulator_hardware.cpp.o
                0x00000000100008d8                clear_cart_ready()
 .text._Z17clear_fault_latchv
                0x0000000010000954       0x7c CMakeFiles/V2315CF_PICO.dir/emulator_hardware.cpp.o
                0x0000000010000954                clear_fault_latch()
 .text._Z12clear_dc_lowv
                0x00000000100009d0        0xc CMakeFiles/V2315CF_PICO.dir/emulator_hardware.cpp.o
                0x00000000100009d0                clear_dc_low()
 .text._Z10read_reg00v
                0x00000000100009dc       0x48 CMakeFiles/V2315CF_PICO.dir/emulator_hardware.cpp.o
                0x00000000100009dc                read_reg00()
 .text._Z15read_int_inputsv
                0x0000000010000a24       0xc0 CMakeFiles/V2315CF_PICO.dir/emulator_hardware.cpp.o
                0x0000000010000a24                read_int_inputs()
 .text._Z18read_board_versionv
                0x0000000010000ae4       0x20 CMakeFiles/V2315CF_PICO.dir/emulator_hardware.cpp.o
                0x0000000010000ae4                read_board_version()
 .text._Z14get_power_failv
                0x0000000010000b04        0xc CMakeFiles/V2315CF_PICO.dir/emulator_hardware.cpp.o
                0x0000000010000b04                get_power_fail()
 .text._Z16load_ram_addressi
                0x0000000010000b10       0xbc CMakeFiles/V2315CF_PICO.dir/emulator_hardware.cpp.o
                0x0000000010000b10                load_ram_address(int)
 .text._Z9storebytei
                0x0000000010000bcc       0x44 CMakeFiles/V2315CF_PICO.dir/emulator_hardware.cpp.o
                0x0000000010000bcc                storebyte(int)
 .text._Z8readbytev
                0x0000000010000c10       0x48 CMakeFiles/V2315CF_PICO.dir/emulator_hardware.cpp.o
                0x0000000010000c10                readbyte()
 .text._Z22update_fpga_disk_stateP10Disk_State
                0x0000000010000c58        0x4 CMakeFiles/V2315CF_PICO.dir/emulator_hardware.cpp.o
                0x0000000010000c58                update_fpga_disk_state(Disk_State*)
 .text._Z20read_rocker_switchesP10Disk_State
                0x0000000010000c5c       0x78 CMakeFiles/V2315CF_PICO.dir/emulator_hardware.cpp.o
                0x0000000010000c5c                read_rocker_switches(Disk_State*)
 .text._Z17assert_fpga_resetv
                0x0000000010000cd4        0xc CMakeFiles/V2315CF_PICO.dir/emulator_hardware.cpp.o
                0x0000000010000cd4                assert_fpga_reset()
 .text._Z19deassert_fpga_resetv
                0x0000000010000ce0        0xc CMakeFiles/V2315CF_PICO.dir/emulator_hardware.cpp.o
                0x0000000010000ce0                deassert_fpga_reset()
 .text._Z21set_cpu_rdy_indicatorv
                0x0000000010000cec        0xc CMakeFiles/V2315CF_PICO.dir/emulator_hardware.cpp.o
                0x0000000010000cec                set_cpu_rdy_indicator()
 .text._Z23clear_cpu_rdy_indicatorv
                0x0000000010000cf8        0xc CMakeFiles/V2315CF_PICO.dir/emulator_hardware.cpp.o
                0x0000000010000cf8                clear_cpu_rdy_indicator()
 .text._Z24set_cpu_unlock_indicatorv
                0x0000000010000d04        0xc CMakeFiles/V2315CF_PICO.dir/emulator_hardware.cpp.o
                0x0000000010000d04                set_cpu_unlock_indicator()
 .text._Z26clear_cpu_unlock_indicatorv
                0x0000000010000d10        0xc CMakeFiles/V2315CF_PICO.dir/emulator_hardware.cpp.o
                0x0000000010000d10                clear_cpu_unlock_indicator()
 .text._Z14microSD_LED_onv
                0x0000000010000d1c        0xc CMakeFiles/V2315CF_PICO.dir/emulator_hardware.cpp.o
                0x0000000010000d1c                microSD_LED_on()
 .text._Z15microSD_LED_offv
                0x0000000010000d28        0xc CMakeFiles/V2315CF_PICO.dir/emulator_hardware.cpp.o
                0x0000000010000d28                microSD_LED_off()
 .text._Z23set_cpu_fault_indicatorv
                0x0000000010000d34        0xc CMakeFiles/V2315CF_PICO.dir/emulator_hardware.cpp.o
                0x0000000010000d34                set_cpu_fault_indicator()
 .text._Z25clear_cpu_fault_indicatorv
                0x0000000010000d40        0xc CMakeFiles/V2315CF_PICO.dir/emulator_hardware.cpp.o
                0x0000000010000d40                clear_cpu_fault_indicator()
 .text._Z12check_dc_lowP10Disk_State
                0x0000000010000d4c       0xe0 CMakeFiles/V2315CF_PICO.dir/emulator_hardware.cpp.o
                0x0000000010000d4c                check_dc_low(Disk_State*)
 .text._Z15is_card_presentv
                0x0000000010000e2c       0x10 CMakeFiles/V2315CF_PICO.dir/emulator_hardware.cpp.o
                0x0000000010000e2c                is_card_present()
 .text._Z16close_drive_doorv
                0x0000000010000e3c       0x18 CMakeFiles/V2315CF_PICO.dir/emulator_hardware.cpp.o
                0x0000000010000e3c                close_drive_door()
 .text._Z15open_drive_doorv
                0x0000000010000e54       0x18 CMakeFiles/V2315CF_PICO.dir/emulator_hardware.cpp.o
                0x0000000010000e54                open_drive_door()
 .text._Z17drive_door_statusv
                0x0000000010000e6c       0xb8 CMakeFiles/V2315CF_PICO.dir/emulator_hardware.cpp.o
                0x0000000010000e6c                drive_door_status()
 .text._Z15initialize_gpiov
                0x0000000010000f24       0xbc CMakeFiles/V2315CF_PICO.dir/emulator_hardware.cpp.o
                0x0000000010000f24                initialize_gpio()
 .text._Z14initialize_spiv
                0x0000000010000fe0       0x40 CMakeFiles/V2315CF_PICO.dir/emulator_hardware.cpp.o
                0x0000000010000fe0                initialize_spi()
 .text._Z15initialize_fpgaP10Disk_State
                0x0000000010001020      0x188 CMakeFiles/V2315CF_PICO.dir/emulator_hardware.cpp.o
                0x0000000010001020                initialize_fpga(Disk_State*)
 .text._Z13setup_displayv
                0x00000000100011a8       0x40 CMakeFiles/V2315CF_PICO.dir/display_functions.cpp.o
                0x00000000100011a8                setup_display()
 .text._Z13display_errorPcS_
                0x00000000100011e8       0x74 CMakeFiles/V2315CF_PICO.dir/display_functions.cpp.o
                0x00000000100011e8                display_error(char*, char*)
 .text._Z14display_statusPcS_
                0x000000001000125c       0x74 CMakeFiles/V2315CF_PICO.dir/display_functions.cpp.o
                0x000000001000125c                display_status(char*, char*)
 .text._Z21display_splash_screenv
                0x00000000100012d0       0x88 CMakeFiles/V2315CF_PICO.dir/display_functions.cpp.o
                0x00000000100012d0                display_splash_screen()
 .text._Z21display_drive_addressibPc
                0x0000000010001358      0x128 CMakeFiles/V2315CF_PICO.dir/display_functions.cpp.o
                0x0000000010001358                display_drive_address(int, bool, char*)
 .text._Z21manage_display_timersP10Disk_State
                0x0000000010001480       0x84 CMakeFiles/V2315CF_PICO.dir/display_functions.cpp.o
                0x0000000010001480                manage_display_timers(Disk_State*)
 .text._Z18initialize_pca9557v
                0x0000000010001504       0x70 CMakeFiles/V2315CF_PICO.dir/display_functions.cpp.o
                0x0000000010001504                initialize_pca9557()
 .text._Z22process_run_load_stateP10Disk_State
                0x0000000010001574      0x92c CMakeFiles/V2315CF_PICO.dir/emulator_state.cpp.o
                0x0000000010001574                process_run_load_state(Disk_State*)
 .text._Z19file_init_and_mountv
                0x0000000010001ea0       0x30 CMakeFiles/V2315CF_PICO.dir/microsd_file_ops.cpp.o
                0x0000000010001ea0                file_init_and_mount()
 .text._Z25file_open_read_disk_imagev
                0x0000000010001ed0       0xe8 CMakeFiles/V2315CF_PICO.dir/microsd_file_ops.cpp.o
                0x0000000010001ed0                file_open_read_disk_image()
 .text._Z26file_open_write_disk_imagev
                0x0000000010001fb8       0x98 CMakeFiles/V2315CF_PICO.dir/microsd_file_ops.cpp.o
                0x0000000010001fb8                file_open_write_disk_image()
 .text._Z21file_close_disk_imagev
                0x0000000010002050       0x68 CMakeFiles/V2315CF_PICO.dir/microsd_file_ops.cpp.o
                0x0000000010002050                file_close_disk_image()
 .text._Z15deserialize_intPi
                0x00000000100020b8       0x3c CMakeFiles/V2315CF_PICO.dir/microsd_file_ops.cpp.o
                0x00000000100020b8                deserialize_int(int*)
 .text._Z13serialize_inti
                0x00000000100020f4       0x40 CMakeFiles/V2315CF_PICO.dir/microsd_file_ops.cpp.o
                0x00000000100020f4                serialize_int(int)
 .text._Z22read_image_file_headerP10Disk_State
                0x0000000010002134      0x1c0 CMakeFiles/V2315CF_PICO.dir/microsd_file_ops.cpp.o
                0x0000000010002134                read_image_file_header(Disk_State*)
 .text._Z23write_image_file_headerP10Disk_State
                0x00000000100022f4      0x198 CMakeFiles/V2315CF_PICO.dir/microsd_file_ops.cpp.o
                0x00000000100022f4                write_image_file_header(Disk_State*)
 .text._Z20read_disk_image_dataP10Disk_State
                0x000000001000248c      0x170 CMakeFiles/V2315CF_PICO.dir/microsd_file_ops.cpp.o
                0x000000001000248c                read_disk_image_data(Disk_State*)
 .text._Z21write_disk_image_dataP10Disk_State
                0x00000000100025fc      0x164 CMakeFiles/V2315CF_PICO.dir/microsd_file_ops.cpp.o
                0x00000000100025fc                write_disk_image_data(Disk_State*)
 .text._Z27ssd1306_draw_char_with_fontP9ssd1306_tmmmPKhc.part.0
                0x0000000010002760      0x14c CMakeFiles/V2315CF_PICO.dir/ssd1306a.cpp.o
 .text._Z12ssd1306_initP9ssd1306_thhh
                0x00000000100028ac       0xf8 CMakeFiles/V2315CF_PICO.dir/ssd1306a.cpp.o
                0x00000000100028ac                ssd1306_init(ssd1306_t*, unsigned char, unsigned char, unsigned char)
 .text._Z14ssd1306_invertP9ssd1306_th
                0x00000000100029a4       0x50 CMakeFiles/V2315CF_PICO.dir/ssd1306a.cpp.o
                0x00000000100029a4                ssd1306_invert(ssd1306_t*, unsigned char)
 .text._Z13ssd1306_clearP9ssd1306_t
                0x00000000100029f4       0x10 CMakeFiles/V2315CF_PICO.dir/ssd1306a.cpp.o
                0x00000000100029f4                ssd1306_clear(ssd1306_t*)
 .text._Z18ssd1306_draw_pixelP9ssd1306_tmm
                0x0000000010002a04       0x28 CMakeFiles/V2315CF_PICO.dir/ssd1306a.cpp.o
                0x0000000010002a04                ssd1306_draw_pixel(ssd1306_t*, unsigned long, unsigned long)
 .text._Z19ssd1306_draw_stringP9ssd1306_tmmmPKc
                0x0000000010002a2c       0x68 CMakeFiles/V2315CF_PICO.dir/ssd1306a.cpp.o
                0x0000000010002a2c                ssd1306_draw_string(ssd1306_t*, unsigned long, unsigned long, unsigned long, char const*)
 .text._Z34ssd1306_bmp_show_image_with_offsetP9ssd1306_tPKhlmm
                0x0000000010002a94      0x19c CMakeFiles/V2315CF_PICO.dir/ssd1306a.cpp.o
                0x0000000010002a94                ssd1306_bmp_show_image_with_offset(ssd1306_t*, unsigned char const*, long, unsigned long, unsigned long)
 .text._Z12ssd1306_showP9ssd1306_t
                0x0000000010002c30       0xd8 CMakeFiles/V2315CF_PICO.dir/ssd1306a.cpp.o
                0x0000000010002c30                ssd1306_show(ssd1306_t*)
 .text._Z22ssd1306_get_font_widthi
                0x0000000010002d08        0x8 CMakeFiles/V2315CF_PICO.dir/ssd1306a.cpp.o
                0x0000000010002d08                ssd1306_get_font_width(int)
 .text.sd_get_num
                0x0000000010002d10        0x4 CMakeFiles/V2315CF_PICO.dir/hw_config.c.o
                0x0000000010002d10                sd_get_num
 .text.sd_get_by_num
                0x0000000010002d14       0x18 CMakeFiles/V2315CF_PICO.dir/hw_config.c.o
                0x0000000010002d14                sd_get_by_num
 .text.spi_get_num
                0x0000000010002d2c        0x4 CMakeFiles/V2315CF_PICO.dir/hw_config.c.o
                0x0000000010002d2c                spi_get_num
 .text.spi_get_by_num
                0x0000000010002d30       0x14 CMakeFiles/V2315CF_PICO.dir/hw_config.c.o
                0x0000000010002d30                spi_get_by_num
 .text.gpio_default_irq_handler
                0x0000000010002d44      0x270 CMakeFiles/V2315CF_PICO.dir/content/pico/pico-sdk/src/rp2_common/hardware_gpio/gpio.c.o
 .text.gpio_set_function
                0x0000000010002fb4       0x34 CMakeFiles/V2315CF_PICO.dir/content/pico/pico-sdk/src/rp2_common/hardware_gpio/gpio.c.o
                0x0000000010002fb4                gpio_set_function
 .text.gpio_set_pulls
                0x0000000010002fe8       0x34 CMakeFiles/V2315CF_PICO.dir/content/pico/pico-sdk/src/rp2_common/hardware_gpio/gpio.c.o
                0x0000000010002fe8                gpio_set_pulls
 .text.gpio_set_drive_strength
                0x000000001000301c       0x24 CMakeFiles/V2315CF_PICO.dir/content/pico/pico-sdk/src/rp2_common/hardware_gpio/gpio.c.o
                0x000000001000301c                gpio_set_drive_strength
 .text.gpio_set_irq_enabled_with_callback
                0x0000000010003040       0xd0 CMakeFiles/V2315CF_PICO.dir/content/pico/pico-sdk/src/rp2_common/hardware_gpio/gpio.c.o
                0x0000000010003040                gpio_set_irq_enabled_with_callback
 .text.gpio_set_input_enabled
                0x0000000010003110       0x28 CMakeFiles/V2315CF_PICO.dir/content/pico/pico-sdk/src/rp2_common/hardware_gpio/gpio.c.o
                0x0000000010003110                gpio_set_input_enabled
 .text.gpio_init
                0x0000000010003138       0x40 CMakeFiles/V2315CF_PICO.dir/content/pico/pico-sdk/src/rp2_common/hardware_gpio/gpio.c.o
                0x0000000010003138                gpio_init
 .text.panic    0x0000000010003178       0x30 CMakeFiles/V2315CF_PICO.dir/content/pico/pico-sdk/src/rp2_common/pico_platform_panic/panic.c.o
                0x0000000010003178                panic
 .text.hw_claim_or_assert
                0x00000000100031a8       0x44 CMakeFiles/V2315CF_PICO.dir/content/pico/pico-sdk/src/common/hardware_claim/claim.c.o
                0x00000000100031a8                hw_claim_or_assert
 .text.hw_claim_unused_from_range
                0x00000000100031ec       0x9c CMakeFiles/V2315CF_PICO.dir/content/pico/pico-sdk/src/common/hardware_claim/claim.c.o
                0x00000000100031ec                hw_claim_unused_from_range
 .text.next_striped_spin_lock_num
                0x0000000010003288       0x18 CMakeFiles/V2315CF_PICO.dir/content/pico/pico-sdk/src/rp2_common/hardware_sync/sync.c.o
                0x0000000010003288                next_striped_spin_lock_num
 .text.spin_locks_reset
                0x00000000100032a0       0x1c CMakeFiles/V2315CF_PICO.dir/content/pico/pico-sdk/src/rp2_common/hardware_sync_spin_lock/sync_spin_lock.c.o
                0x00000000100032a0                spin_locks_reset
 .text.runtime_init_per_core_irq_priorities
                0x00000000100032bc       0x24 CMakeFiles/V2315CF_PICO.dir/content/pico/pico-sdk/src/rp2_common/hardware_irq/irq.c.o
                0x00000000100032bc                runtime_init_per_core_irq_priorities
 .text.irq_set_enabled
                0x00000000100032e0       0x24 CMakeFiles/V2315CF_PICO.dir/content/pico/pico-sdk/src/rp2_common/hardware_irq/irq.c.o
                0x00000000100032e0                irq_set_enabled
 .text.irq_set_exclusive_handler
                0x0000000010003304       0x54 CMakeFiles/V2315CF_PICO.dir/content/pico/pico-sdk/src/rp2_common/hardware_irq/irq.c.o
                0x0000000010003304                irq_set_exclusive_handler
 .text.irq_add_shared_handler
                0x0000000010003358      0x1e8 CMakeFiles/V2315CF_PICO.dir/content/pico/pico-sdk/src/rp2_common/hardware_irq/irq.c.o
                0x0000000010003358                irq_add_shared_handler
 .text.irq_remove_handler
                0x0000000010003540      0x1c4 CMakeFiles/V2315CF_PICO.dir/content/pico/pico-sdk/src/rp2_common/hardware_irq/irq.c.o
                0x0000000010003540                irq_remove_handler
 .text.irq_add_tail_to_free_list
                0x0000000010003704       0xb4 CMakeFiles/V2315CF_PICO.dir/content/pico/pico-sdk/src/rp2_common/hardware_irq/irq.c.o
                0x0000000010003704                irq_add_tail_to_free_list
 .text.sem_init
                0x00000000100037b8       0x20 CMakeFiles/V2315CF_PICO.dir/content/pico/pico-sdk/src/common/pico_sync/sem.c.o
                0x00000000100037b8                sem_init
 .text.lock_init
                0x00000000100037d8       0x10 CMakeFiles/V2315CF_PICO.dir/content/pico/pico-sdk/src/common/pico_sync/lock_core.c.o
                0x00000000100037d8                lock_init
 .text.runtime_init_mutex
                0x00000000100037e8       0x58 CMakeFiles/V2315CF_PICO.dir/content/pico/pico-sdk/src/common/pico_sync/mutex.c.o
                0x00000000100037e8                runtime_init_mutex
 .text.mutex_init
                0x0000000010003840       0x1c CMakeFiles/V2315CF_PICO.dir/content/pico/pico-sdk/src/common/pico_sync/mutex.c.o
                0x0000000010003840                mutex_init
 .text.sleep_until_callback
                0x000000001000385c       0x30 CMakeFiles/V2315CF_PICO.dir/content/pico/pico-sdk/src/common/pico_time/time.c.o
 .text.alarm_pool_irq_handler
                0x000000001000388c      0x308 CMakeFiles/V2315CF_PICO.dir/content/pico/pico-sdk/src/common/pico_time/time.c.o
 .text.runtime_init_default_alarm_pool
                0x0000000010003b94       0xdc CMakeFiles/V2315CF_PICO.dir/content/pico/pico-sdk/src/common/pico_time/time.c.o
                0x0000000010003b94                runtime_init_default_alarm_pool
 .text.alarm_pool_add_alarm_at_force_in_context
                0x0000000010003c70       0xb0 CMakeFiles/V2315CF_PICO.dir/content/pico/pico-sdk/src/common/pico_time/time.c.o
                0x0000000010003c70                alarm_pool_add_alarm_at_force_in_context
 .text.alarm_pool_cancel_alarm
                0x0000000010003d20       0x7c CMakeFiles/V2315CF_PICO.dir/content/pico/pico-sdk/src/common/pico_time/time.c.o
                0x0000000010003d20                alarm_pool_cancel_alarm
 .text.sleep_until
                0x0000000010003d9c       0xd0 CMakeFiles/V2315CF_PICO.dir/content/pico/pico-sdk/src/common/pico_time/time.c.o
                0x0000000010003d9c                sleep_until
 .text.sleep_ms
                0x0000000010003e6c       0x34 CMakeFiles/V2315CF_PICO.dir/content/pico/pico-sdk/src/common/pico_time/time.c.o
                0x0000000010003e6c                sleep_ms
 .text.best_effort_wfe_or_timeout
                0x0000000010003ea0       0xfc CMakeFiles/V2315CF_PICO.dir/content/pico/pico-sdk/src/common/pico_time/time.c.o
                0x0000000010003ea0                best_effort_wfe_or_timeout
 .text.timer_hardware_alarm_claim
                0x0000000010003f9c       0x14 CMakeFiles/V2315CF_PICO.dir/content/pico/pico-sdk/src/rp2_common/hardware_timer/timer.c.o
                0x0000000010003f9c                timer_hardware_alarm_claim
 .text.timer_time_us_64
                0x0000000010003fb0       0x10 CMakeFiles/V2315CF_PICO.dir/content/pico/pico-sdk/src/rp2_common/hardware_timer/timer.c.o
                0x0000000010003fb0                timer_time_us_64
 .text.time_us_64
                0x0000000010003fc0       0x14 CMakeFiles/V2315CF_PICO.dir/content/pico/pico-sdk/src/rp2_common/hardware_timer/timer.c.o
                0x0000000010003fc0                time_us_64
 .text.busy_wait_us
                0x0000000010003fd4       0x54 CMakeFiles/V2315CF_PICO.dir/content/pico/pico-sdk/src/rp2_common/hardware_timer/timer.c.o
                0x0000000010003fd4                busy_wait_us
 .text.busy_wait_until
                0x0000000010004028       0x20 CMakeFiles/V2315CF_PICO.dir/content/pico/pico-sdk/src/rp2_common/hardware_timer/timer.c.o
                0x0000000010004028                busy_wait_until
 .text.uart_init
                0x0000000010004048      0x11c CMakeFiles/V2315CF_PICO.dir/content/pico/pico-sdk/src/rp2_common/hardware_uart/uart.c.o
                0x0000000010004048                uart_init
 .text.clock_configure_int_divider
                0x0000000010004164       0xf4 CMakeFiles/V2315CF_PICO.dir/content/pico/pico-sdk/src/rp2_common/hardware_clocks/clocks.c.o
                0x0000000010004164                clock_configure_int_divider
 .text.clock_configure_undivided
                0x0000000010004258       0xe8 CMakeFiles/V2315CF_PICO.dir/content/pico/pico-sdk/src/rp2_common/hardware_clocks/clocks.c.o
                0x0000000010004258                clock_configure_undivided
 .text.clock_get_hz
                0x0000000010004340        0xc CMakeFiles/V2315CF_PICO.dir/content/pico/pico-sdk/src/rp2_common/hardware_clocks/clocks.c.o
                0x0000000010004340                clock_get_hz
 .text.pll_init
                0x000000001000434c       0xa0 CMakeFiles/V2315CF_PICO.dir/content/pico/pico-sdk/src/rp2_common/hardware_pll/pll.c.o
                0x000000001000434c                pll_init
 .text.tick_start
                0x00000000100043ec       0x10 CMakeFiles/V2315CF_PICO.dir/content/pico/pico-sdk/src/rp2_common/hardware_ticks/ticks.c.o
                0x00000000100043ec                tick_start
 .text.rom_func_lookup
                0x00000000100043fc       0x10 CMakeFiles/V2315CF_PICO.dir/content/pico/pico-sdk/src/rp2_common/pico_bootrom/bootrom.c.o
                0x00000000100043fc                rom_func_lookup
 .text.rom_data_lookup
                0x000000001000440c       0x10 CMakeFiles/V2315CF_PICO.dir/content/pico/pico-sdk/src/rp2_common/pico_bootrom/bootrom.c.o
                0x000000001000440c                rom_data_lookup
 .text.rom_funcs_lookup
                0x000000001000441c       0x44 CMakeFiles/V2315CF_PICO.dir/content/pico/pico-sdk/src/rp2_common/pico_bootrom/bootrom.c.o
                0x000000001000441c                rom_funcs_lookup
 .text.xosc_init
                0x0000000010004460       0x28 CMakeFiles/V2315CF_PICO.dir/content/pico/pico-sdk/src/rp2_common/hardware_xosc/xosc.c.o
                0x0000000010004460                xosc_init
 .text.first_per_core_initializer
                0x0000000010004488        0x4 CMakeFiles/V2315CF_PICO.dir/content/pico/pico-sdk/src/rp2_common/pico_runtime/runtime.c.o
 .text.hard_assertion_failure
                0x000000001000448c        0xc CMakeFiles/V2315CF_PICO.dir/content/pico/pico-sdk/src/rp2_common/pico_runtime/runtime.c.o
                0x000000001000448c                hard_assertion_failure
 .text.runtime_run_initializers
                0x0000000010004498       0x28 CMakeFiles/V2315CF_PICO.dir/content/pico/pico-sdk/src/rp2_common/pico_runtime/runtime.c.o
                0x0000000010004498                runtime_run_initializers
 .text.runtime_init_early_resets
                0x00000000100044c0       0x2c CMakeFiles/V2315CF_PICO.dir/content/pico/pico-sdk/src/rp2_common/pico_runtime_init/runtime_init.c.o
                0x00000000100044c0                runtime_init_early_resets
 .text.runtime_init_usb_power_down
                0x00000000100044ec       0x1c CMakeFiles/V2315CF_PICO.dir/content/pico/pico-sdk/src/rp2_common/pico_runtime_init/runtime_init.c.o
                0x00000000100044ec                runtime_init_usb_power_down
 .text.runtime_init_post_clock_resets
                0x0000000010004508       0x20 CMakeFiles/V2315CF_PICO.dir/content/pico/pico-sdk/src/rp2_common/pico_runtime_init/runtime_init.c.o
                0x0000000010004508                runtime_init_post_clock_resets
 .text.runtime_init_rp2040_gpio_ie_disable
                0x0000000010004528       0x14 CMakeFiles/V2315CF_PICO.dir/content/pico/pico-sdk/src/rp2_common/pico_runtime_init/runtime_init.c.o
                0x0000000010004528                runtime_init_rp2040_gpio_ie_disable
 .text.runtime_init_spin_locks_reset
                0x000000001000453c        0x8 CMakeFiles/V2315CF_PICO.dir/content/pico/pico-sdk/src/rp2_common/pico_runtime_init/runtime_init.c.o
                0x000000001000453c                runtime_init_spin_locks_reset
 .text.runtime_init_install_ram_vector_table
                0x0000000010004544       0x1c CMakeFiles/V2315CF_PICO.dir/content/pico/pico-sdk/src/rp2_common/pico_runtime_init/runtime_init.c.o
                0x0000000010004544                runtime_init_install_ram_vector_table
 .text.runtime_init_clocks
                0x0000000010004560       0xd8 CMakeFiles/V2315CF_PICO.dir/content/pico/pico-sdk/src/rp2_common/pico_runtime_init/runtime_init_clocks.c.o
                0x0000000010004560                runtime_init_clocks
 .text          0x0000000010004638       0x10 CMakeFiles/V2315CF_PICO.dir/content/pico/pico-sdk/src/rp2_common/pico_bit_ops/bit_ops_aeabi.S.o
 .text.__wrap___aeabi_idiv
                0x0000000010004648       0x50 CMakeFiles/V2315CF_PICO.dir/content/pico/pico-sdk/src/rp2_common/pico_divider/divider_hardware.S.o
                0x0000000010004648                __wrap___aeabi_idivmod
                0x0000000010004648                divmod_s32s32
                0x0000000010004648                div_s32s32
                0x0000000010004648                __wrap___aeabi_idiv
                0x0000000010004650                divmod_s32s32_unsafe
                0x000000001000467c                divmod_s32s32_savestate
 .text.__wrap___aeabi_uidiv
                0x0000000010004698       0x4c CMakeFiles/V2315CF_PICO.dir/content/pico/pico-sdk/src/rp2_common/pico_divider/divider_hardware.S.o
                0x0000000010004698                __wrap___aeabi_uidiv
                0x0000000010004698                __wrap___aeabi_uidivmod
                0x0000000010004698                div_u32u32
                0x0000000010004698                divmod_u32u32
                0x00000000100046a0                divmod_u32u32_unsafe
                0x00000000100046c8                divmod_u32u32_savestate
 .text.__wrap___aeabi_ldiv
                0x00000000100046e4      0x424 CMakeFiles/V2315CF_PICO.dir/content/pico/pico-sdk/src/rp2_common/pico_divider/divider_hardware.S.o
                0x00000000100046e4                div_s64s64
                0x00000000100046e4                divmod_s64s64
                0x00000000100046e4                __wrap___aeabi_ldivmod
                0x0000000010004714                div_u64u64
                0x0000000010004714                divmod_u64u64
                0x0000000010004714                __wrap___aeabi_uldivmod
                0x0000000010004724                divmod_u64u64_savestate
                0x0000000010004744                divmod_s64s64_unsafe
                0x00000000100047cc                divmod_u64u64_unsafe
 .text.__wrap___aeabi_darithmetic
                0x0000000010004b08       0x80 CMakeFiles/V2315CF_PICO.dir/content/pico/pico-sdk/src/rp2_common/pico_double/double_aeabi_rp2040.S.o
                0x0000000010004b08                __wrap___aeabi_drsub
                0x0000000010004b0e                __wrap___aeabi_dsub
                0x0000000010004b20                __wrap___aeabi_dadd
                0x0000000010004b32                __wrap___aeabi_ddiv
                0x0000000010004b6e                __wrap___aeabi_dmul
 .text.__wrap___aeabi_cdcmple
                0x0000000010004b88       0x6c CMakeFiles/V2315CF_PICO.dir/content/pico/pico-sdk/src/rp2_common/pico_double/double_aeabi_rp2040.S.o
                0x0000000010004b88                __wrap___aeabi_cdrcmple
                0x0000000010004b98                __wrap___aeabi_cdcmple
                0x0000000010004b98                __wrap___aeabi_cdcmpeq
 .text.__wrap___aeabi_dcmplt
                0x0000000010004bf4        0xc CMakeFiles/V2315CF_PICO.dir/content/pico/pico-sdk/src/rp2_common/pico_double/double_aeabi_rp2040.S.o
                0x0000000010004bf4                __wrap___aeabi_dcmplt
 .text.__wrap___aeabi_dcmple
                0x0000000010004c00       0x10 CMakeFiles/V2315CF_PICO.dir/content/pico/pico-sdk/src/rp2_common/pico_double/double_aeabi_rp2040.S.o
                0x0000000010004c00                __wrap___aeabi_dcmple
 .text.__wrap___aeabi_dcmpge
                0x0000000010004c10       0x10 CMakeFiles/V2315CF_PICO.dir/content/pico/pico-sdk/src/rp2_common/pico_double/double_aeabi_rp2040.S.o
                0x0000000010004c10                __wrap___aeabi_dcmpge
 .text.__wrap___aeabi_dcmpgt
                0x0000000010004c20        0xa CMakeFiles/V2315CF_PICO.dir/content/pico/pico-sdk/src/rp2_common/pico_double/double_aeabi_rp2040.S.o
                0x0000000010004c20                __wrap___aeabi_dcmpgt
 .text.__wrap___aeabi_dcmpun
                0x0000000010004c2a       0x18 CMakeFiles/V2315CF_PICO.dir/content/pico/pico-sdk/src/rp2_common/pico_double/double_aeabi_rp2040.S.o
                0x0000000010004c2a                __wrap___aeabi_dcmpun
 *fill*         0x0000000010004c42        0x2 
 .text.__wrap___aeabi_i2d
                0x0000000010004c44       0x38 CMakeFiles/V2315CF_PICO.dir/content/pico/pico-sdk/src/rp2_common/pico_double/double_aeabi_rp2040.S.o
                0x0000000010004c44                __wrap___aeabi_ui2d
                0x0000000010004c44                uint2double
                0x0000000010004c4c                __wrap___aeabi_i2d
                0x0000000010004c4c                int2double
 .text.__wrap___aeabi_d2iz
                0x0000000010004c7c       0x48 CMakeFiles/V2315CF_PICO.dir/content/pico/pico-sdk/src/rp2_common/pico_double/double_aeabi_rp2040.S.o
                0x0000000010004c7c                __wrap___aeabi_d2iz
                0x0000000010004c7c                double2int_z
 .text.__wrap___aeabi_d2uiz
                0x0000000010004cc4       0x18 CMakeFiles/V2315CF_PICO.dir/content/pico/pico-sdk/src/rp2_common/pico_double/double_aeabi_rp2040.S.o
                0x0000000010004cc4                double2uint_z
                0x0000000010004cc4                double2uint
                0x0000000010004cc4                __wrap___aeabi_d2uiz
 .text.__aeabi_double_init
                0x0000000010004cdc       0xa0 CMakeFiles/V2315CF_PICO.dir/content/pico/pico-sdk/src/rp2_common/pico_double/double_init_rom_rp2040.c.o
                0x0000000010004cdc                __aeabi_double_init
 .text.double_table_shim_on_use_helper
                0x0000000010004d7c       0x2c CMakeFiles/V2315CF_PICO.dir/content/pico/pico-sdk/src/rp2_common/pico_double/double_v1_rom_shim_rp2040.S.o
                0x0000000010004d7c                double_table_shim_on_use_helper
 .text.__wrap___aeabi_dsub
                0x0000000010004da8       0x10 CMakeFiles/V2315CF_PICO.dir/content/pico/pico-sdk/src/rp2_common/pico_double/double_v1_rom_shim_rp2040.S.o
                0x0000000010004da8                drsub_shim
                0x0000000010004dae                dsub_shim
 .text.dadd_shim
                0x0000000010004db8      0x15c CMakeFiles/V2315CF_PICO.dir/content/pico/pico-sdk/src/rp2_common/pico_double/double_v1_rom_shim_rp2040.S.o
                0x0000000010004db8                dadd_shim
 .text.dmul_shim
                0x0000000010004f14      0x15c CMakeFiles/V2315CF_PICO.dir/content/pico/pico-sdk/src/rp2_common/pico_double/double_v1_rom_shim_rp2040.S.o
                0x0000000010004f14                dmul_shim
 .text.ddiv_shim
                0x0000000010005070      0x1b0 CMakeFiles/V2315CF_PICO.dir/content/pico/pico-sdk/src/rp2_common/pico_double/double_v1_rom_shim_rp2040.S.o
                0x0000000010005070                ddiv_shim
 .text.double2uint_shim
                0x0000000010005220        0xe CMakeFiles/V2315CF_PICO.dir/content/pico/pico-sdk/src/rp2_common/pico_double/double_v1_rom_shim_rp2040.S.o
                0x0000000010005220                double2uint_shim
                0x0000000010005222                double2ufix_shim
 *fill*         0x000000001000522e        0x2 
 .text.double2uint64_shim
                0x0000000010005230       0x70 CMakeFiles/V2315CF_PICO.dir/content/pico/pico-sdk/src/rp2_common/pico_double/double_v1_rom_shim_rp2040.S.o
                0x0000000010005230                double2uint64_shim
                0x0000000010005232                double2ufix64_shim
                0x0000000010005252                d2fix_a
 .text.dunpacks
                0x00000000100052a0       0x3c CMakeFiles/V2315CF_PICO.dir/content/pico/pico-sdk/src/rp2_common/pico_double/double_v1_rom_shim_rp2040.S.o
                0x00000000100052a0                dunpacks
 .text.__aeabi_lmul
                0x00000000100052dc       0x32 CMakeFiles/V2315CF_PICO.dir/content/pico/pico-sdk/src/rp2_common/pico_int64_ops/pico_int64_ops_aeabi.S.o
                0x00000000100052dc                __wrap___aeabi_lmul
 *fill*         0x000000001000530e        0x2 
 .text.__aeabi_float_init
                0x0000000010005310       0x64 CMakeFiles/V2315CF_PICO.dir/content/pico/pico-sdk/src/rp2_common/pico_float/float_init_rom_rp2040.c.o
                0x0000000010005310                __aeabi_float_init
 .text.float_table_shim_on_use_helper
                0x0000000010005374       0x2c CMakeFiles/V2315CF_PICO.dir/content/pico/pico-sdk/src/rp2_common/pico_float/float_v1_rom_shim_rp2040.S.o
                0x0000000010005374                float_table_shim_on_use_helper
 .text.__wrap_malloc
                0x00000000100053a0       0x24 CMakeFiles/V2315CF_PICO.dir/content/pico/pico-sdk/src/rp2_common/pico_malloc/malloc.c.o
                0x00000000100053a0                __wrap_malloc
 .text.__wrap_free
                0x00000000100053c4        0x8 CMakeFiles/V2315CF_PICO.dir/content/pico/pico-sdk/src/rp2_common/pico_malloc/malloc.c.o
                0x00000000100053c4                __wrap_free
 .text          0x00000000100053cc       0x10 CMakeFiles/V2315CF_PICO.dir/content/pico/pico-sdk/src/rp2_common/pico_mem_ops/mem_ops_aeabi.S.o
                0x00000000100053cc                __aeabi_mem_init
 .text.memset   0x00000000100053dc        0xc CMakeFiles/V2315CF_PICO.dir/content/pico/pico-sdk/src/rp2_common/pico_mem_ops/mem_ops_aeabi.S.o
                0x00000000100053dc                __wrap_memset
 .text.memcpy   0x00000000100053e8        0xc CMakeFiles/V2315CF_PICO.dir/content/pico/pico-sdk/src/rp2_common/pico_mem_ops/mem_ops_aeabi.S.o
                0x00000000100053e8                __wrap___aeabi_memcpy
                0x00000000100053e8                __wrap_memcpy
 .text._out_buffer
                0x00000000100053f4        0x8 CMakeFiles/V2315CF_PICO.dir/content/pico/pico-sdk/src/rp2_common/pico_printf/printf.c.o
 .text._out_null
                0x00000000100053fc        0x4 CMakeFiles/V2315CF_PICO.dir/content/pico/pico-sdk/src/rp2_common/pico_printf/printf.c.o
 .text._out_rev
                0x0000000010005400       0x9c CMakeFiles/V2315CF_PICO.dir/content/pico/pico-sdk/src/rp2_common/pico_printf/printf.c.o
 .text._ntoa_format
                0x000000001000549c      0x1cc CMakeFiles/V2315CF_PICO.dir/content/pico/pico-sdk/src/rp2_common/pico_printf/printf.c.o
 .text._out_char
                0x0000000010005668       0x10 CMakeFiles/V2315CF_PICO.dir/content/pico/pico-sdk/src/rp2_common/pico_printf/printf.c.o
 .text._out_fct
                0x0000000010005678       0x10 CMakeFiles/V2315CF_PICO.dir/content/pico/pico-sdk/src/rp2_common/pico_printf/printf.c.o
 .text._etoa    0x0000000010005688      0x44c CMakeFiles/V2315CF_PICO.dir/content/pico/pico-sdk/src/rp2_common/pico_printf/printf.c.o
 .text._ftoa    0x0000000010005ad4      0x398 CMakeFiles/V2315CF_PICO.dir/content/pico/pico-sdk/src/rp2_common/pico_printf/printf.c.o
 .text._vsnprintf
                0x0000000010005e6c      0xb04 CMakeFiles/V2315CF_PICO.dir/content/pico/pico-sdk/src/rp2_common/pico_printf/printf.c.o
 .text.__wrap_sprintf
                0x0000000010006970       0x28 CMakeFiles/V2315CF_PICO.dir/content/pico/pico-sdk/src/rp2_common/pico_printf/printf.c.o
                0x0000000010006970                __wrap_sprintf
 .text.__wrap_vsnprintf
                0x0000000010006998       0x1c CMakeFiles/V2315CF_PICO.dir/content/pico/pico-sdk/src/rp2_common/pico_printf/printf.c.o
                0x0000000010006998                __wrap_vsnprintf
 .text.vfctprintf
                0x00000000100069b4       0x20 CMakeFiles/V2315CF_PICO.dir/content/pico/pico-sdk/src/rp2_common/pico_printf/printf.c.o
                0x00000000100069b4                vfctprintf
 .text.weak_raw_vprintf
                0x00000000100069d4       0x30 CMakeFiles/V2315CF_PICO.dir/content/pico/pico-sdk/src/rp2_common/pico_printf/printf.c.o
                0x00000000100069d4                weak_raw_vprintf
 .text._exit    0x0000000010006a04        0x4 CMakeFiles/V2315CF_PICO.dir/content/pico/pico-sdk/src/rp2_common/pico_clib_interface/newlib_interface.c.o
                0x0000000010006a04                _exit
 .text._sbrk    0x0000000010006a08       0x34 CMakeFiles/V2315CF_PICO.dir/content/pico/pico-sdk/src/rp2_common/pico_clib_interface/newlib_interface.c.o
                0x0000000010006a08                _sbrk
 .text._read    0x0000000010006a3c       0x24 CMakeFiles/V2315CF_PICO.dir/content/pico/pico-sdk/src/rp2_common/pico_clib_interface/newlib_interface.c.o
                0x0000000010006a3c                _read
 .text._write   0x0000000010006a60       0x24 CMakeFiles/V2315CF_PICO.dir/content/pico/pico-sdk/src/rp2_common/pico_clib_interface/newlib_interface.c.o
                0x0000000010006a60                _write
 .text._close   0x0000000010006a84        0x8 CMakeFiles/V2315CF_PICO.dir/content/pico/pico-sdk/src/rp2_common/pico_clib_interface/newlib_interface.c.o
                0x0000000010006a84                _close
 .text._lseek   0x0000000010006a8c        0x8 CMakeFiles/V2315CF_PICO.dir/content/pico/pico-sdk/src/rp2_common/pico_clib_interface/newlib_interface.c.o
                0x0000000010006a8c                _lseek
 .text.exit     0x0000000010006a94        0x8 CMakeFiles/V2315CF_PICO.dir/content/pico/pico-sdk/src/rp2_common/pico_clib_interface/newlib_interface.c.o
                0x0000000010006a94                exit
 .text.runtime_init
                0x0000000010006a9c       0x2c CMakeFiles/V2315CF_PICO.dir/content/pico/pico-sdk/src/rp2_common/pico_clib_interface/newlib_interface.c.o
                0x0000000010006a9c                runtime_init
 .text.stdio_out_chars_no_crlf
                0x0000000010006ac8       0x10 CMakeFiles/V2315CF_PICO.dir/content/pico/pico-sdk/src/rp2_common/pico_stdio/stdio.c.o
 .text.stdio_out_chars_crlf
                0x0000000010006ad8       0xb4 CMakeFiles/V2315CF_PICO.dir/content/pico/pico-sdk/src/rp2_common/pico_stdio/stdio.c.o
 .text.stdio_buffered_printer
                0x0000000010006b8c       0x64 CMakeFiles/V2315CF_PICO.dir/content/pico/pico-sdk/src/rp2_common/pico_stdio/stdio.c.o
 .text.stdio_put_string
                0x0000000010006bf0      0x100 CMakeFiles/V2315CF_PICO.dir/content/pico/pico-sdk/src/rp2_common/pico_stdio/stdio.c.o
                0x0000000010006bf0                stdio_put_string
 .text.stdio_get_until
                0x0000000010006cf0       0x84 CMakeFiles/V2315CF_PICO.dir/content/pico/pico-sdk/src/rp2_common/pico_stdio/stdio.c.o
                0x0000000010006cf0                stdio_get_until
 .text.stdio_set_driver_enabled
                0x0000000010006d74       0x30 CMakeFiles/V2315CF_PICO.dir/content/pico/pico-sdk/src/rp2_common/pico_stdio/stdio.c.o
                0x0000000010006d74                stdio_set_driver_enabled
 .text.stdio_init_all
                0x0000000010006da4        0xc CMakeFiles/V2315CF_PICO.dir/content/pico/pico-sdk/src/rp2_common/pico_stdio/stdio.c.o
                0x0000000010006da4                stdio_init_all
 .text.stdio_getchar_timeout_us
                0x0000000010006db0       0x98 CMakeFiles/V2315CF_PICO.dir/content/pico/pico-sdk/src/rp2_common/pico_stdio/stdio.c.o
                0x0000000010006db0                stdio_getchar_timeout_us
 .text.stdio_set_chars_available_callback
                0x0000000010006e48       0x30 CMakeFiles/V2315CF_PICO.dir/content/pico/pico-sdk/src/rp2_common/pico_stdio/stdio.c.o
                0x0000000010006e48                stdio_set_chars_available_callback
 .text.__wrap_putchar
                0x0000000010006e78       0x98 CMakeFiles/V2315CF_PICO.dir/content/pico/pico-sdk/src/rp2_common/pico_stdio/stdio.c.o
                0x0000000010006e78                stdio_putchar
                0x0000000010006e78                __wrap_putchar
 .text.__wrap_puts
                0x0000000010006f10       0x3c CMakeFiles/V2315CF_PICO.dir/content/pico/pico-sdk/src/rp2_common/pico_stdio/stdio.c.o
                0x0000000010006f10                __wrap_puts
                0x0000000010006f10                stdio_puts
 .text.__wrap_vprintf
                0x0000000010006f4c       0xd8 CMakeFiles/V2315CF_PICO.dir/content/pico/pico-sdk/src/rp2_common/pico_stdio/stdio.c.o
                0x0000000010006f4c                __wrap_vprintf
                0x0000000010006f4c                stdio_vprintf
 .text.__wrap_printf
                0x0000000010007024       0x18 CMakeFiles/V2315CF_PICO.dir/content/pico/pico-sdk/src/rp2_common/pico_stdio/stdio.c.o
                0x0000000010007024                stdio_printf
                0x0000000010007024                __wrap_printf
 .text.stdio_uart_out_chars
                0x000000001000703c       0x4c CMakeFiles/V2315CF_PICO.dir/content/pico/pico-sdk/src/rp2_common/pico_stdio_uart/stdio_uart.c.o
 .text.stdio_uart_in_chars
                0x0000000010007088       0x84 CMakeFiles/V2315CF_PICO.dir/content/pico/pico-sdk/src/rp2_common/pico_stdio_uart/stdio_uart.c.o
                0x0000000010007088                stdio_uart_in_chars
 .text.on_uart_rx
                0x000000001000710c       0x28 CMakeFiles/V2315CF_PICO.dir/content/pico/pico-sdk/src/rp2_common/pico_stdio_uart/stdio_uart.c.o
 .text.stdio_uart_out_flush
                0x0000000010007134       0x14 CMakeFiles/V2315CF_PICO.dir/content/pico/pico-sdk/src/rp2_common/pico_stdio_uart/stdio_uart.c.o
 .text.stdio_uart_set_chars_available_callback
                0x0000000010007148       0x88 CMakeFiles/V2315CF_PICO.dir/content/pico/pico-sdk/src/rp2_common/pico_stdio_uart/stdio_uart.c.o
 .text.stdio_uart_init
                0x00000000100071d0       0x50 CMakeFiles/V2315CF_PICO.dir/content/pico/pico-sdk/src/rp2_common/pico_stdio_uart/stdio_uart.c.o
                0x00000000100071d0                stdio_uart_init
 .text.ff_memalloc
                0x0000000010007220        0x8 CMakeFiles/V2315CF_PICO.dir/lib/no-OS-FatFS-SD-SPI-RPi-Pico/FatFs_SPI/ff15/source/ffsystem.c.o
                0x0000000010007220                ff_memalloc
 .text.ff_memfree
                0x0000000010007228        0x8 CMakeFiles/V2315CF_PICO.dir/lib/no-OS-FatFS-SD-SPI-RPi-Pico/FatFs_SPI/ff15/source/ffsystem.c.o
                0x0000000010007228                ff_memfree
 .text.ff_uni2oem
                0x0000000010007230       0x40 CMakeFiles/V2315CF_PICO.dir/lib/no-OS-FatFS-SD-SPI-RPi-Pico/FatFs_SPI/ff15/source/ffunicode.c.o
                0x0000000010007230                ff_uni2oem
 .text.ff_oem2uni
                0x0000000010007270       0x2c CMakeFiles/V2315CF_PICO.dir/lib/no-OS-FatFS-SD-SPI-RPi-Pico/FatFs_SPI/ff15/source/ffunicode.c.o
                0x0000000010007270                ff_oem2uni
 .text.ff_wtoupper
                0x000000001000729c       0xb8 CMakeFiles/V2315CF_PICO.dir/lib/no-OS-FatFS-SD-SPI-RPi-Pico/FatFs_SPI/ff15/source/ffunicode.c.o
                0x000000001000729c                ff_wtoupper
 .text.tchar2uni
                0x0000000010007354       0xe8 CMakeFiles/V2315CF_PICO.dir/lib/no-OS-FatFS-SD-SPI-RPi-Pico/FatFs_SPI/ff15/source/ff.c.o
 .text.inc_share
                0x000000001000743c      0x384 CMakeFiles/V2315CF_PICO.dir/lib/no-OS-FatFS-SD-SPI-RPi-Pico/FatFs_SPI/ff15/source/ff.c.o
 .text.put_utf  0x00000000100077c0       0xe4 CMakeFiles/V2315CF_PICO.dir/lib/no-OS-FatFS-SD-SPI-RPi-Pico/FatFs_SPI/ff15/source/ff.c.o
 .text.get_fileinfo
                0x00000000100078a4      0x2cc CMakeFiles/V2315CF_PICO.dir/lib/no-OS-FatFS-SD-SPI-RPi-Pico/FatFs_SPI/ff15/source/ff.c.o
 .text.dir_clear
                0x0000000010007b70      0x1a8 CMakeFiles/V2315CF_PICO.dir/lib/no-OS-FatFS-SD-SPI-RPi-Pico/FatFs_SPI/ff15/source/ff.c.o
 .text.init_alloc_info.isra.0
                0x0000000010007d18       0x6c CMakeFiles/V2315CF_PICO.dir/lib/no-OS-FatFS-SD-SPI-RPi-Pico/FatFs_SPI/ff15/source/ff.c.o
 .text.pattern_match
                0x0000000010007d84      0x100 CMakeFiles/V2315CF_PICO.dir/lib/no-OS-FatFS-SD-SPI-RPi-Pico/FatFs_SPI/ff15/source/ff.c.o
 .text.move_window.part.0
                0x0000000010007e84       0xa8 CMakeFiles/V2315CF_PICO.dir/lib/no-OS-FatFS-SD-SPI-RPi-Pico/FatFs_SPI/ff15/source/ff.c.o
 .text.change_bitmap
                0x0000000010007f2c       0xe8 CMakeFiles/V2315CF_PICO.dir/lib/no-OS-FatFS-SD-SPI-RPi-Pico/FatFs_SPI/ff15/source/ff.c.o
 .text.put_fat.part.0
                0x0000000010008014      0x1b8 CMakeFiles/V2315CF_PICO.dir/lib/no-OS-FatFS-SD-SPI-RPi-Pico/FatFs_SPI/ff15/source/ff.c.o
 .text.get_fat  0x00000000100081cc      0x204 CMakeFiles/V2315CF_PICO.dir/lib/no-OS-FatFS-SD-SPI-RPi-Pico/FatFs_SPI/ff15/source/ff.c.o
 .text.dir_next.constprop.0
                0x00000000100083d0       0xc8 CMakeFiles/V2315CF_PICO.dir/lib/no-OS-FatFS-SD-SPI-RPi-Pico/FatFs_SPI/ff15/source/ff.c.o
 .text.sync_fs  0x0000000010008498      0x12c CMakeFiles/V2315CF_PICO.dir/lib/no-OS-FatFS-SD-SPI-RPi-Pico/FatFs_SPI/ff15/source/ff.c.o
 .text.check_fs
                0x00000000100085c4      0x188 CMakeFiles/V2315CF_PICO.dir/lib/no-OS-FatFS-SD-SPI-RPi-Pico/FatFs_SPI/ff15/source/ff.c.o
 .text.mount_volume
                0x000000001000874c      0xb5c CMakeFiles/V2315CF_PICO.dir/lib/no-OS-FatFS-SD-SPI-RPi-Pico/FatFs_SPI/ff15/source/ff.c.o
 .text.load_xdir
                0x00000000100092a8      0x208 CMakeFiles/V2315CF_PICO.dir/lib/no-OS-FatFS-SD-SPI-RPi-Pico/FatFs_SPI/ff15/source/ff.c.o
 .text.dir_read.constprop.0
                0x00000000100094b0      0x5bc CMakeFiles/V2315CF_PICO.dir/lib/no-OS-FatFS-SD-SPI-RPi-Pico/FatFs_SPI/ff15/source/ff.c.o
 .text.dir_sdi  0x0000000010009a6c      0x364 CMakeFiles/V2315CF_PICO.dir/lib/no-OS-FatFS-SD-SPI-RPi-Pico/FatFs_SPI/ff15/source/ff.c.o
 .text.store_xdir
                0x0000000010009dd0      0x1ac CMakeFiles/V2315CF_PICO.dir/lib/no-OS-FatFS-SD-SPI-RPi-Pico/FatFs_SPI/ff15/source/ff.c.o
 .text.dir_find
                0x0000000010009f7c      0x3bc CMakeFiles/V2315CF_PICO.dir/lib/no-OS-FatFS-SD-SPI-RPi-Pico/FatFs_SPI/ff15/source/ff.c.o
 .text.follow_path
                0x000000001000a338      0x5f4 CMakeFiles/V2315CF_PICO.dir/lib/no-OS-FatFS-SD-SPI-RPi-Pico/FatFs_SPI/ff15/source/ff.c.o
 .text.create_chain
                0x000000001000a92c      0x55c CMakeFiles/V2315CF_PICO.dir/lib/no-OS-FatFS-SD-SPI-RPi-Pico/FatFs_SPI/ff15/source/ff.c.o
 .text.dir_alloc
                0x000000001000ae88      0x238 CMakeFiles/V2315CF_PICO.dir/lib/no-OS-FatFS-SD-SPI-RPi-Pico/FatFs_SPI/ff15/source/ff.c.o
 .text.dir_register
                0x000000001000b0c0      0xaac CMakeFiles/V2315CF_PICO.dir/lib/no-OS-FatFS-SD-SPI-RPi-Pico/FatFs_SPI/ff15/source/ff.c.o
 .text.remove_chain
                0x000000001000bb6c      0x3ac CMakeFiles/V2315CF_PICO.dir/lib/no-OS-FatFS-SD-SPI-RPi-Pico/FatFs_SPI/ff15/source/ff.c.o
 .text.f_mount  0x000000001000bf18      0x1c8 CMakeFiles/V2315CF_PICO.dir/lib/no-OS-FatFS-SD-SPI-RPi-Pico/FatFs_SPI/ff15/source/ff.c.o
                0x000000001000bf18                f_mount
 .text.f_open   0x000000001000c0e0      0x814 CMakeFiles/V2315CF_PICO.dir/lib/no-OS-FatFS-SD-SPI-RPi-Pico/FatFs_SPI/ff15/source/ff.c.o
                0x000000001000c0e0                f_open
 .text.f_read   0x000000001000c8f4      0x2a4 CMakeFiles/V2315CF_PICO.dir/lib/no-OS-FatFS-SD-SPI-RPi-Pico/FatFs_SPI/ff15/source/ff.c.o
                0x000000001000c8f4                f_read
 .text.f_write  0x000000001000cb98      0x300 CMakeFiles/V2315CF_PICO.dir/lib/no-OS-FatFS-SD-SPI-RPi-Pico/FatFs_SPI/ff15/source/ff.c.o
                0x000000001000cb98                f_write
 .text.f_sync   0x000000001000ce98      0x2ec CMakeFiles/V2315CF_PICO.dir/lib/no-OS-FatFS-SD-SPI-RPi-Pico/FatFs_SPI/ff15/source/ff.c.o
                0x000000001000ce98                f_sync
 .text.f_close  0x000000001000d184       0x78 CMakeFiles/V2315CF_PICO.dir/lib/no-OS-FatFS-SD-SPI-RPi-Pico/FatFs_SPI/ff15/source/ff.c.o
                0x000000001000d184                f_close
 .text.f_opendir
                0x000000001000d1fc      0x100 CMakeFiles/V2315CF_PICO.dir/lib/no-OS-FatFS-SD-SPI-RPi-Pico/FatFs_SPI/ff15/source/ff.c.o
                0x000000001000d1fc                f_opendir
 .text.f_closedir
                0x000000001000d2fc       0x70 CMakeFiles/V2315CF_PICO.dir/lib/no-OS-FatFS-SD-SPI-RPi-Pico/FatFs_SPI/ff15/source/ff.c.o
                0x000000001000d2fc                f_closedir
 .text.f_findfirst
                0x000000001000d36c       0xec CMakeFiles/V2315CF_PICO.dir/lib/no-OS-FatFS-SD-SPI-RPi-Pico/FatFs_SPI/ff15/source/ff.c.o
                0x000000001000d36c                f_findfirst
 .text.sd_spi_go_high_frequency
                0x000000001000d458       0x20 CMakeFiles/V2315CF_PICO.dir/lib/no-OS-FatFS-SD-SPI-RPi-Pico/FatFs_SPI/sd_driver/sd_spi.c.o
                0x000000001000d458                sd_spi_go_high_frequency
 .text.sd_spi_go_low_frequency
                0x000000001000d478       0x24 CMakeFiles/V2315CF_PICO.dir/lib/no-OS-FatFS-SD-SPI-RPi-Pico/FatFs_SPI/sd_driver/sd_spi.c.o
                0x000000001000d478                sd_spi_go_low_frequency
 .text.sd_spi_deselect_pulse
                0x000000001000d49c       0x5c CMakeFiles/V2315CF_PICO.dir/lib/no-OS-FatFS-SD-SPI-RPi-Pico/FatFs_SPI/sd_driver/sd_spi.c.o
                0x000000001000d49c                sd_spi_deselect_pulse
 .text.sd_spi_acquire
                0x000000001000d4f8       0x34 CMakeFiles/V2315CF_PICO.dir/lib/no-OS-FatFS-SD-SPI-RPi-Pico/FatFs_SPI/sd_driver/sd_spi.c.o
                0x000000001000d4f8                sd_spi_acquire
 .text.sd_spi_release
                0x000000001000d52c       0x34 CMakeFiles/V2315CF_PICO.dir/lib/no-OS-FatFS-SD-SPI-RPi-Pico/FatFs_SPI/sd_driver/sd_spi.c.o
                0x000000001000d52c                sd_spi_release
 .text.sd_spi_transfer
                0x000000001000d560        0xc CMakeFiles/V2315CF_PICO.dir/lib/no-OS-FatFS-SD-SPI-RPi-Pico/FatFs_SPI/sd_driver/sd_spi.c.o
                0x000000001000d560                sd_spi_transfer
 .text.sd_spi_write
                0x000000001000d56c       0x44 CMakeFiles/V2315CF_PICO.dir/lib/no-OS-FatFS-SD-SPI-RPi-Pico/FatFs_SPI/sd_driver/sd_spi.c.o
                0x000000001000d56c                sd_spi_write
 .text.sd_spi_send_initializing_sequence
                0x000000001000d5b0       0x78 CMakeFiles/V2315CF_PICO.dir/lib/no-OS-FatFS-SD-SPI-RPi-Pico/FatFs_SPI/sd_driver/sd_spi.c.o
                0x000000001000d5b0                sd_spi_send_initializing_sequence
 .text.spi_lock
                0x000000001000d628       0x30 CMakeFiles/V2315CF_PICO.dir/lib/no-OS-FatFS-SD-SPI-RPi-Pico/FatFs_SPI/sd_driver/spi.c.o
                0x000000001000d628                spi_lock
 .text.spi_unlock
                0x000000001000d658       0x30 CMakeFiles/V2315CF_PICO.dir/lib/no-OS-FatFS-SD-SPI-RPi-Pico/FatFs_SPI/sd_driver/spi.c.o
                0x000000001000d658                spi_unlock
 .text.my_spi_init
                0x000000001000d688      0x1d4 CMakeFiles/V2315CF_PICO.dir/lib/no-OS-FatFS-SD-SPI-RPi-Pico/FatFs_SPI/sd_driver/spi.c.o
                0x000000001000d688                my_spi_init
 .text.sd_sectors_nolock.part.0
                0x000000001000d85c      0x23c CMakeFiles/V2315CF_PICO.dir/lib/no-OS-FatFS-SD-SPI-RPi-Pico/FatFs_SPI/sd_driver/sd_card.c.o
 .text.sd_write_block.constprop.0
                0x000000001000da98       0xd4 CMakeFiles/V2315CF_PICO.dir/lib/no-OS-FatFS-SD-SPI-RPi-Pico/FatFs_SPI/sd_driver/sd_card.c.o
 .text.sd_cmd   0x000000001000db6c      0x4c4 CMakeFiles/V2315CF_PICO.dir/lib/no-OS-FatFS-SD-SPI-RPi-Pico/FatFs_SPI/sd_driver/sd_card.c.o
 .text.sd_read_blocks
                0x000000001000e030      0x1f8 CMakeFiles/V2315CF_PICO.dir/lib/no-OS-FatFS-SD-SPI-RPi-Pico/FatFs_SPI/sd_driver/sd_card.c.o
                0x000000001000e030                sd_read_blocks
 .text.sd_write_blocks
                0x000000001000e228      0x164 CMakeFiles/V2315CF_PICO.dir/lib/no-OS-FatFS-SD-SPI-RPi-Pico/FatFs_SPI/sd_driver/sd_card.c.o
                0x000000001000e228                sd_write_blocks
 .text.sd_init  0x000000001000e38c      0x364 CMakeFiles/V2315CF_PICO.dir/lib/no-OS-FatFS-SD-SPI-RPi-Pico/FatFs_SPI/sd_driver/sd_card.c.o
 .text.sd_card_detect
                0x000000001000e6f0       0x48 CMakeFiles/V2315CF_PICO.dir/lib/no-OS-FatFS-SD-SPI-RPi-Pico/FatFs_SPI/sd_driver/sd_card.c.o
                0x000000001000e6f0                sd_card_detect
 .text.sd_sectors
                0x000000001000e738       0x98 CMakeFiles/V2315CF_PICO.dir/lib/no-OS-FatFS-SD-SPI-RPi-Pico/FatFs_SPI/sd_driver/sd_card.c.o
                0x000000001000e738                sd_sectors
 .text.sd_init_driver
                0x000000001000e7d0       0xfc CMakeFiles/V2315CF_PICO.dir/lib/no-OS-FatFS-SD-SPI-RPi-Pico/FatFs_SPI/sd_driver/sd_card.c.o
                0x000000001000e7d0                sd_init_driver
 .text.crc7     0x000000001000e8cc       0x28 CMakeFiles/V2315CF_PICO.dir/lib/no-OS-FatFS-SD-SPI-RPi-Pico/FatFs_SPI/sd_driver/crc.c.o
                0x000000001000e8cc                crc7
 .text.crc16    0x000000001000e8f4       0x30 CMakeFiles/V2315CF_PICO.dir/lib/no-OS-FatFS-SD-SPI-RPi-Pico/FatFs_SPI/sd_driver/crc.c.o
                0x000000001000e8f4                crc16
 .text.disk_status
                0x000000001000e924       0x18 CMakeFiles/V2315CF_PICO.dir/lib/no-OS-FatFS-SD-SPI-RPi-Pico/FatFs_SPI/src/glue.c.o
                0x000000001000e924                disk_status
 .text.disk_initialize
                0x000000001000e93c       0x2c CMakeFiles/V2315CF_PICO.dir/lib/no-OS-FatFS-SD-SPI-RPi-Pico/FatFs_SPI/src/glue.c.o
                0x000000001000e93c                disk_initialize
 .text.disk_read
                0x000000001000e968       0x74 CMakeFiles/V2315CF_PICO.dir/lib/no-OS-FatFS-SD-SPI-RPi-Pico/FatFs_SPI/src/glue.c.o
                0x000000001000e968                disk_read
 .text.disk_write
                0x000000001000e9dc       0x74 CMakeFiles/V2315CF_PICO.dir/lib/no-OS-FatFS-SD-SPI-RPi-Pico/FatFs_SPI/src/glue.c.o
                0x000000001000e9dc                disk_write
 .text.disk_ioctl
                0x000000001000ea50       0x3c CMakeFiles/V2315CF_PICO.dir/lib/no-OS-FatFS-SD-SPI-RPi-Pico/FatFs_SPI/src/glue.c.o
                0x000000001000ea50                disk_ioctl
 .text.my_printf
                0x000000001000ea8c       0x4c CMakeFiles/V2315CF_PICO.dir/lib/no-OS-FatFS-SD-SPI-RPi-Pico/FatFs_SPI/src/my_debug.c.o
                0x000000001000ea8c                my_printf
 .text.my_assert_func
                0x000000001000ead8       0x2c CMakeFiles/V2315CF_PICO.dir/lib/no-OS-FatFS-SD-SPI-RPi-Pico/FatFs_SPI/src/my_debug.c.o
                0x000000001000ead8                my_assert_func
 .text.get_fattime
                0x000000001000eb04       0x6c CMakeFiles/V2315CF_PICO.dir/lib/no-OS-FatFS-SD-SPI-RPi-Pico/FatFs_SPI/src/rtc.c.o
                0x000000001000eb04                get_fattime
 .text.spi_init
                0x000000001000eb70      0x134 CMakeFiles/V2315CF_PICO.dir/content/pico/pico-sdk/src/rp2_common/hardware_spi/spi.c.o
                0x000000001000eb70                spi_init
 .text.spi_set_baudrate
                0x000000001000eca4       0xb8 CMakeFiles/V2315CF_PICO.dir/content/pico/pico-sdk/src/rp2_common/hardware_spi/spi.c.o
                0x000000001000eca4                spi_set_baudrate
 .text.dma_claim_unused_channel
                0x000000001000ed5c       0x20 CMakeFiles/V2315CF_PICO.dir/content/pico/pico-sdk/src/rp2_common/hardware_dma/dma.c.o
                0x000000001000ed5c                dma_claim_unused_channel
 .text.rtc_get_datetime
                0x000000001000ed7c       0x44 CMakeFiles/V2315CF_PICO.dir/content/pico/pico-sdk/src/rp2_common/hardware_rtc/rtc.c.o
                0x000000001000ed7c                rtc_get_datetime
 .text.i2c_write_blocking_internal.constprop.0
                0x000000001000edc0       0xd0 CMakeFiles/V2315CF_PICO.dir/content/pico/pico-sdk/src/rp2_common/hardware_i2c/i2c.c.o
 .text.i2c_set_baudrate
                0x000000001000ee90       0xc0 CMakeFiles/V2315CF_PICO.dir/content/pico/pico-sdk/src/rp2_common/hardware_i2c/i2c.c.o
                0x000000001000ee90                i2c_set_baudrate
 .text.i2c_init
                0x000000001000ef50       0x54 CMakeFiles/V2315CF_PICO.dir/content/pico/pico-sdk/src/rp2_common/hardware_i2c/i2c.c.o
                0x000000001000ef50                i2c_init
 .text.i2c_write_blocking
                0x000000001000efa4       0x14 CMakeFiles/V2315CF_PICO.dir/content/pico/pico-sdk/src/rp2_common/hardware_i2c/i2c.c.o
                0x000000001000efa4                i2c_write_blocking
 .text.adc_init
                0x000000001000efb8       0x38 CMakeFiles/V2315CF_PICO.dir/content/pico/pico-sdk/src/rp2_common/hardware_adc/adc.c.o
                0x000000001000efb8                adc_init
 .text          0x000000001000eff0      0x1c0 /usr/lib/gcc/arm-none-eabi/10.3.1/../../../arm-none-eabi/lib/thumb/v6-m/nofp/libg.a(lib_a-fflush.o)
                0x000000001000eff0                __sflush_r
                0x000000001000f130                _fflush_r
                0x000000001000f15c                fflush
 .text          0x000000001000f1b0      0x248 /usr/lib/gcc/arm-none-eabi/10.3.1/../../../arm-none-eabi/lib/thumb/v6-m/nofp/libg.a(lib_a-findfp.o)
                0x000000001000f1b4                _cleanup_r
                0x000000001000f2b0                __sfmoreglue
                0x000000001000f2e0                __sfp
                0x000000001000f390                _cleanup
                0x000000001000f3a8                __sinit
                0x000000001000f3b8                __sfp_lock_acquire
                0x000000001000f3bc                __sfp_lock_release
                0x000000001000f3c0                __sinit_lock_acquire
                0x000000001000f3c4                __sinit_lock_release
                0x000000001000f3c8                __fp_lock_all
                0x000000001000f3e0                __fp_unlock_all
 .text          0x000000001000f3f8      0x260 /usr/lib/gcc/arm-none-eabi/10.3.1/../../../arm-none-eabi/lib/thumb/v6-m/nofp/libg.a(lib_a-freer.o)
                0x000000001000f3f8                _malloc_trim_r
                0x000000001000f494                _free_r
 .text          0x000000001000f658       0x88 /usr/lib/gcc/arm-none-eabi/10.3.1/../../../arm-none-eabi/lib/thumb/v6-m/nofp/libg.a(lib_a-fwalk.o)
                0x000000001000f658                _fwalk
                0x000000001000f698                _fwalk_reent
 .text          0x000000001000f6e0       0x28 /usr/lib/gcc/arm-none-eabi/10.3.1/../../../arm-none-eabi/lib/thumb/v6-m/nofp/libg.a(lib_a-malloc.o)
                0x000000001000f6e0                malloc
                0x000000001000f6f4                free
 .text          0x000000001000f708      0x574 /usr/lib/gcc/arm-none-eabi/10.3.1/../../../arm-none-eabi/lib/thumb/v6-m/nofp/libg.a(lib_a-mallocr.o)
                0x000000001000f708                _malloc_r
 .text          0x000000001000fc7c       0x48 /usr/lib/gcc/arm-none-eabi/10.3.1/../../../arm-none-eabi/lib/thumb/v6-m/nofp/libg.a(lib_a-memcmp.o)
                0x000000001000fc7c                memcmp
 .text          0x000000001000fcc4        0x8 /usr/lib/gcc/arm-none-eabi/10.3.1/../../../arm-none-eabi/lib/thumb/v6-m/nofp/libg.a(lib_a-mlock.o)
                0x000000001000fcc4                __malloc_lock
                0x000000001000fcc8                __malloc_unlock
 .text          0x000000001000fccc       0x24 /usr/lib/gcc/arm-none-eabi/10.3.1/../../../arm-none-eabi/lib/thumb/v6-m/nofp/libg.a(lib_a-sbrkr.o)
                0x000000001000fccc                _sbrk_r
 .text          0x000000001000fcf0       0xa4 /usr/lib/gcc/arm-none-eabi/10.3.1/../../../arm-none-eabi/lib/thumb/v6-m/nofp/libg.a(lib_a-stdio.o)
                0x000000001000fcf0                __sread
                0x000000001000fd18                __seofread
                0x000000001000fd1c                __swrite
                0x000000001000fd5c                __sseek
                0x000000001000fd88                __sclose
 .text          0x000000001000fd94       0xc0 /usr/lib/gcc/arm-none-eabi/10.3.1/../../../arm-none-eabi/lib/thumb/v6-m/nofp/libg.a(lib_a-strchr.o)
                0x000000001000fd94                strchr
 .text          0x000000001000fe54       0x5c /usr/lib/gcc/arm-none-eabi/10.3.1/../../../arm-none-eabi/lib/thumb/v6-m/nofp/libg.a(lib_a-strlen-stub.o)
                0x000000001000fe54                strlen
 .text          0x000000001000feb0       0x74 /usr/lib/gcc/arm-none-eabi/10.3.1/../../../arm-none-eabi/lib/thumb/v6-m/nofp/libg.a(lib_a-strncmp.o)
                0x000000001000feb0                strncmp
 .text          0x000000001000ff24       0x6c /usr/lib/gcc/arm-none-eabi/10.3.1/../../../arm-none-eabi/lib/thumb/v6-m/nofp/libg.a(lib_a-strncpy.o)
                0x000000001000ff24                strncpy
 .text          0x000000001000ff90       0x28 /usr/lib/gcc/arm-none-eabi/10.3.1/../../../arm-none-eabi/lib/thumb/v6-m/nofp/libg.a(lib_a-writer.o)
                0x000000001000ff90                _write_r
 .text          0x000000001000ffb8       0x24 /usr/lib/gcc/arm-none-eabi/10.3.1/../../../arm-none-eabi/lib/thumb/v6-m/nofp/libg.a(lib_a-closer.o)
                0x000000001000ffb8                _close_r
 .text          0x000000001000ffdc       0xe8 /usr/lib/gcc/arm-none-eabi/10.3.1/../../../arm-none-eabi/lib/thumb/v6-m/nofp/libg.a(lib_a-fclose.o)
                0x000000001001004c                _fclose_r
                0x0000000010010084                fclose
 .text          0x00000000100100c4       0x28 /usr/lib/gcc/arm-none-eabi/10.3.1/../../../arm-none-eabi/lib/thumb/v6-m/nofp/libg.a(lib_a-lseekr.o)
                0x00000000100100c4                _lseek_r
 .text          0x00000000100100ec       0x28 /usr/lib/gcc/arm-none-eabi/10.3.1/../../../arm-none-eabi/lib/thumb/v6-m/nofp/libg.a(lib_a-readr.o)
                0x00000000100100ec                _read_r
 *(.fini)
 .fini          0x0000000010010114        0x4 /usr/lib/gcc/arm-none-eabi/10.3.1/thumb/v6-m/nofp/crti.o
                0x0000000010010114                _fini
 .fini.__stub   0x0000000010010118       0x80 linker stubs
 *crtbegin.o(.ctors)
 *crtbegin?.o(.ctors)
 *(EXCLUDE_FILE(*crtend.o *crtend?.o) .ctors)
 *(SORT_BY_NAME(.ctors.*))
 *(.ctors)
 *crtbegin.o(.dtors)
 *crtbegin?.o(.dtors)
 *(EXCLUDE_FILE(*crtend.o *crtend?.o) .dtors)
 *(SORT_BY_NAME(.dtors.*))
 *(.dtors)
                0x0000000010010198                . = ALIGN (0x4)
                0x0000000010010198                PROVIDE (__preinit_array_start = .)
 *(SORT_BY_NAME(.preinit_array.*))
 .preinit_array.00100
                0x0000000010010198        0x4 CMakeFiles/V2315CF_PICO.dir/content/pico/pico-sdk/src/rp2_common/pico_runtime_init/runtime_init.c.o
                0x0000000010010198                __pre_init_runtime_init_early_resets
 .preinit_array.00101
                0x000000001001019c        0x4 CMakeFiles/V2315CF_PICO.dir/content/pico/pico-sdk/src/rp2_common/pico_runtime_init/runtime_init.c.o
                0x000000001001019c                __pre_init_runtime_init_usb_power_down
 .preinit_array.00275
                0x00000000100101a0        0x4 CMakeFiles/V2315CF_PICO.dir/content/pico/pico-sdk/src/rp2_common/pico_bit_ops/bit_ops_aeabi.S.o
 .preinit_array.00300
                0x00000000100101a4        0x4 CMakeFiles/V2315CF_PICO.dir/content/pico/pico-sdk/src/rp2_common/pico_mem_ops/mem_ops_aeabi.S.o
 .preinit_array.00350
                0x00000000100101a8        0x4 CMakeFiles/V2315CF_PICO.dir/content/pico/pico-sdk/src/rp2_common/pico_double/double_aeabi_rp2040.S.o
 .preinit_array.00350
                0x00000000100101ac        0x4 CMakeFiles/V2315CF_PICO.dir/content/pico/pico-sdk/src/rp2_common/pico_float/float_aeabi_rp2040.S.o
 .preinit_array.00500
                0x00000000100101b0        0x4 CMakeFiles/V2315CF_PICO.dir/content/pico/pico-sdk/src/rp2_common/pico_runtime_init/runtime_init.c.o
                0x00000000100101b0                __pre_init_runtime_init_clocks
 .preinit_array.00600
                0x00000000100101b4        0x4 CMakeFiles/V2315CF_PICO.dir/content/pico/pico-sdk/src/rp2_common/pico_runtime_init/runtime_init.c.o
                0x00000000100101b4                __pre_init_runtime_init_post_clock_resets
 .preinit_array.00700
                0x00000000100101b8        0x4 CMakeFiles/V2315CF_PICO.dir/content/pico/pico-sdk/src/rp2_common/pico_runtime_init/runtime_init.c.o
                0x00000000100101b8                __pre_init_runtime_init_rp2040_gpio_ie_disable
 .preinit_array.01000
                0x00000000100101bc        0x4 CMakeFiles/V2315CF_PICO.dir/content/pico/pico-sdk/src/rp2_common/pico_runtime_init/runtime_init.c.o
                0x00000000100101bc                __pre_init_runtime_init_spin_locks_reset
 .preinit_array.01100
                0x00000000100101c0        0x4 CMakeFiles/V2315CF_PICO.dir/content/pico/pico-sdk/src/common/pico_sync/mutex.c.o
                0x00000000100101c0                __pre_init_runtime_init_mutex
 .preinit_array.10080
                0x00000000100101c4        0x4 CMakeFiles/V2315CF_PICO.dir/content/pico/pico-sdk/src/rp2_common/pico_runtime_init/runtime_init.c.o
                0x00000000100101c4                __pre_init_runtime_init_install_ram_vector_table
 .preinit_array.11000
                0x00000000100101c8        0x4 CMakeFiles/V2315CF_PICO.dir/content/pico/pico-sdk/src/common/pico_time/time.c.o
                0x00000000100101c8                __pre_init_runtime_init_default_alarm_pool
 .preinit_array.YYYYY
                0x00000000100101cc        0x4 CMakeFiles/V2315CF_PICO.dir/content/pico/pico-sdk/src/rp2_common/pico_runtime/runtime.c.o
                0x00000000100101cc                __pre_init_first_per_core_initializer
 .preinit_array.ZZZZZ.01200
                0x00000000100101d0        0x4 CMakeFiles/V2315CF_PICO.dir/content/pico/pico-sdk/src/rp2_common/hardware_irq/irq.c.o
                0x00000000100101d0                __pre_init_runtime_init_per_core_irq_priorities
 *(.preinit_array)
                0x00000000100101d4                PROVIDE (__preinit_array_end = .)
                0x00000000100101d4                . = ALIGN (0x4)
                0x00000000100101d4                PROVIDE (__init_array_start = .)
 *(SORT_BY_NAME(.init_array.*))
 *(.init_array)
 .init_array    0x00000000100101d4        0x4 /usr/lib/gcc/arm-none-eabi/10.3.1/thumb/v6-m/nofp/crtbegin.o
                0x00000000100101d8                PROVIDE (__init_array_end = .)
                0x00000000100101d8                . = ALIGN (0x4)
                0x00000000100101d8                PROVIDE (__fini_array_start = .)
 *(SORT_BY_NAME(.fini_array.*))
 *(.fini_array)
                0x00000000100101d8                PROVIDE (__fini_array_end = .)
 *(.eh_frame*)
 .eh_frame      0x00000000100101d8        0x0 /usr/lib/gcc/arm-none-eabi/10.3.1/thumb/v6-m/nofp/crtbegin.o
                0x00000000100101d8                . = ALIGN (0x4)

.glue_7         0x00000000100101d8        0x0
 .glue_7        0x00000000100101d8        0x0 linker stubs

.glue_7t        0x00000000100101d8        0x0
 .glue_7t       0x00000000100101d8        0x0 linker stubs

.vfp11_veneer   0x00000000100101d8        0x0
 .vfp11_veneer  0x00000000100101d8        0x0 linker stubs

.v4_bx          0x00000000100101d8        0x0
 .v4_bx         0x00000000100101d8        0x0 linker stubs

.iplt           0x00000000100101d8        0x0
 .iplt          0x00000000100101d8        0x0 /usr/lib/gcc/arm-none-eabi/10.3.1/thumb/v6-m/nofp/crtbegin.o

.rodata         0x00000000100101d8     0x278c
 *(EXCLUDE_FILE(*libm.a: *libc.a:*lib_a-mem*.o *libgcc.a:) .rodata*)
 .rodata._Z13gpio_callbackjm.str1.4
                0x00000000100101d8       0x76 CMakeFiles/V2315CF_PICO.dir/V2315CF_PICO.cpp.o
 *fill*         0x000000001001024e        0x2 
 .rodata._Z17initialize_statesv.str1.4
                0x0000000010010250        0x9 CMakeFiles/V2315CF_PICO.dir/V2315CF_PICO.cpp.o
 *fill*         0x0000000010010259        0x3 
 .rodata._Z17initialize_systemv.str1.4
                0x000000001001025c      0x12a CMakeFiles/V2315CF_PICO.dir/V2315CF_PICO.cpp.o
 *fill*         0x0000000010010386        0x2 
 .rodata.main.str1.4
                0x0000000010010388       0xa3 CMakeFiles/V2315CF_PICO.dir/V2315CF_PICO.cpp.o
                                         0xa7 (size before relaxing)
 *fill*         0x000000001001042b        0x1 
 .rodata._Z12check_dc_lowP10Disk_State.str1.4
                0x000000001001042c       0x46 CMakeFiles/V2315CF_PICO.dir/emulator_hardware.cpp.o
 *fill*         0x0000000010010472        0x2 
 .rodata.str1.4
                0x0000000010010474        0x7 CMakeFiles/V2315CF_PICO.dir/emulator_hardware.cpp.o
 *fill*         0x000000001001047b        0x1 
 .rodata._ZL20dutyfactortable_fpga
                0x000000001001047c       0x15 CMakeFiles/V2315CF_PICO.dir/emulator_hardware.cpp.o
 *fill*         0x0000000010010491        0x3 
 .rodata._ZZ14initialize_spivE8__bi_652
                0x0000000010010494        0x8 CMakeFiles/V2315CF_PICO.dir/emulator_hardware.cpp.o
 .rodata._ZZ14initialize_spivE8__bi_660
                0x000000001001049c        0xc CMakeFiles/V2315CF_PICO.dir/emulator_hardware.cpp.o
 .rodata._Z13display_errorPcS_.str1.4
                0x00000000100104a8       0x28 CMakeFiles/V2315CF_PICO.dir/display_functions.cpp.o
 .rodata._Z14display_statusPcS_.str1.4
                0x00000000100104d0       0x27 CMakeFiles/V2315CF_PICO.dir/display_functions.cpp.o
 *fill*         0x00000000100104f7        0x1 
 .rodata._Z21display_splash_screenv.str1.4
                0x00000000100104f8       0x25 CMakeFiles/V2315CF_PICO.dir/display_functions.cpp.o
 .rodata._Z21manage_display_timersP10Disk_State.str1.4
                0x000000001001051d        0x1 CMakeFiles/V2315CF_PICO.dir/display_functions.cpp.o
 *fill*         0x000000001001051d        0x3 
 .rodata._Z22process_run_load_stateP10Disk_State.str1.4
                0x0000000010010520      0x6ff CMakeFiles/V2315CF_PICO.dir/emulator_state.cpp.o
                                        0x717 (size before relaxing)
 *fill*         0x0000000010010c1f        0x1 
 .rodata._Z22process_run_load_stateP10Disk_State
                0x0000000010010c20       0x84 CMakeFiles/V2315CF_PICO.dir/emulator_state.cpp.o
 .rodata._Z19file_init_and_mountv.str1.4
                0x0000000010010ca4       0x4c CMakeFiles/V2315CF_PICO.dir/microsd_file_ops.cpp.o
 .rodata._Z25file_open_read_disk_imagev.str1.4
                0x0000000010010cf0       0xfa CMakeFiles/V2315CF_PICO.dir/microsd_file_ops.cpp.o
                                        0x124 (size before relaxing)
 *fill*         0x0000000010010dea        0x2 
 .rodata._Z26file_open_write_disk_imagev.str1.4
                0x0000000010010dec       0x9b CMakeFiles/V2315CF_PICO.dir/microsd_file_ops.cpp.o
 *fill*         0x0000000010010e87        0x1 
 .rodata._Z21file_close_disk_imagev.str1.4
                0x0000000010010e88       0x62 CMakeFiles/V2315CF_PICO.dir/microsd_file_ops.cpp.o
 *fill*         0x0000000010010eea        0x2 
 .rodata._Z15deserialize_intPi.str1.4
                0x0000000010010eec       0x30 CMakeFiles/V2315CF_PICO.dir/microsd_file_ops.cpp.o
 .rodata._Z13serialize_inti.str1.4
                0x0000000010010f1c       0x31 CMakeFiles/V2315CF_PICO.dir/microsd_file_ops.cpp.o
 *fill*         0x0000000010010f4d        0x3 
 .rodata._Z22read_image_file_headerP10Disk_State.str1.4
                0x0000000010010f50       0xb5 CMakeFiles/V2315CF_PICO.dir/microsd_file_ops.cpp.o
 *fill*         0x0000000010011005        0x3 
 .rodata._Z23write_image_file_headerP10Disk_State.str1.4
                0x0000000010011008       0x1e CMakeFiles/V2315CF_PICO.dir/microsd_file_ops.cpp.o
 *fill*         0x0000000010011026        0x2 
 .rodata._Z20read_disk_image_dataP10Disk_State.str1.4
                0x0000000010011028       0xaf CMakeFiles/V2315CF_PICO.dir/microsd_file_ops.cpp.o
 *fill*         0x00000000100110d7        0x1 
 .rodata._Z21write_disk_image_dataP10Disk_State.str1.4
                0x00000000100110d8       0x6c CMakeFiles/V2315CF_PICO.dir/microsd_file_ops.cpp.o
 .rodata._Z12ssd1306_initP9ssd1306_thhh.str1.4
                0x0000000010011144       0x3f CMakeFiles/V2315CF_PICO.dir/ssd1306a.cpp.o
 *fill*         0x0000000010011183        0x1 
 .rodata._Z12ssd1306_showP9ssd1306_t.str1.4
                0x0000000010011184        0xd CMakeFiles/V2315CF_PICO.dir/ssd1306a.cpp.o
 *fill*         0x0000000010011191        0x3 
 .rodata._ZL8font_8x5
                0x0000000010011194      0x1e0 CMakeFiles/V2315CF_PICO.dir/ssd1306a.cpp.o
 .rodata.str1.4
                0x0000000010011374        0x3 CMakeFiles/V2315CF_PICO.dir/hw_config.c.o
 .rodata.panic.str1.4
                0x0000000010011374       0x10 CMakeFiles/V2315CF_PICO.dir/content/pico/pico-sdk/src/rp2_common/pico_platform_panic/panic.c.o
                                         0x12 (size before relaxing)
 *fill*         0x0000000010011384        0x4 
 .rodata.at_the_end_of_time
                0x0000000010011388        0x8 CMakeFiles/V2315CF_PICO.dir/content/pico/pico-sdk/src/common/pico_time/time.c.o
                0x0000000010011388                at_the_end_of_time
 .rodata.timer_hardware_alarm_claim.str1.4
                0x0000000010011390       0x22 CMakeFiles/V2315CF_PICO.dir/content/pico/pico-sdk/src/rp2_common/hardware_timer/timer.c.o
 *fill*         0x00000000100113b2        0x2 
 .rodata.hard_assertion_failure.str1.4
                0x00000000100113b4        0xc CMakeFiles/V2315CF_PICO.dir/content/pico/pico-sdk/src/rp2_common/pico_runtime/runtime.c.o
 .rodata.__wrap_malloc.str1.4
                0x00000000100113c0        0xe CMakeFiles/V2315CF_PICO.dir/content/pico/pico-sdk/src/rp2_common/pico_malloc/malloc.c.o
 *fill*         0x00000000100113ce        0x2 
 .rodata.str1.4
                0x00000000100113d0       0x44 CMakeFiles/V2315CF_PICO.dir/content/pico/pico-sdk/src/rp2_common/pico_standard_binary_info/standard_binary_info.c.o
 .rodata.__bi_26
                0x0000000010011414        0xc CMakeFiles/V2315CF_PICO.dir/content/pico/pico-sdk/src/rp2_common/pico_standard_binary_info/standard_binary_info.c.o
 .rodata.__bi_34
                0x0000000010011420        0xc CMakeFiles/V2315CF_PICO.dir/content/pico/pico-sdk/src/rp2_common/pico_standard_binary_info/standard_binary_info.c.o
 .rodata.__bi_42
                0x000000001001142c        0xc CMakeFiles/V2315CF_PICO.dir/content/pico/pico-sdk/src/rp2_common/pico_standard_binary_info/standard_binary_info.c.o
 .rodata.__bi_48
                0x0000000010011438        0xc CMakeFiles/V2315CF_PICO.dir/content/pico/pico-sdk/src/rp2_common/pico_standard_binary_info/standard_binary_info.c.o
 .rodata.__bi_54
                0x0000000010011444        0xc CMakeFiles/V2315CF_PICO.dir/content/pico/pico-sdk/src/rp2_common/pico_standard_binary_info/standard_binary_info.c.o
 .rodata.__bi_78
                0x0000000010011450        0xc CMakeFiles/V2315CF_PICO.dir/content/pico/pico-sdk/src/rp2_common/pico_standard_binary_info/standard_binary_info.c.o
 .rodata.__bi_84
                0x000000001001145c        0xc CMakeFiles/V2315CF_PICO.dir/content/pico/pico-sdk/src/rp2_common/pico_standard_binary_info/standard_binary_info.c.o
 .rodata._ftoa.str1.4
                0x0000000010011468       0x15 CMakeFiles/V2315CF_PICO.dir/content/pico/pico-sdk/src/rp2_common/pico_printf/printf.c.o
 *fill*         0x000000001001147d        0x3 
 .rodata._vsnprintf
                0x0000000010011480      0x1e0 CMakeFiles/V2315CF_PICO.dir/content/pico/pico-sdk/src/rp2_common/pico_printf/printf.c.o
 .rodata.pow10.0
                0x0000000010011660       0x50 CMakeFiles/V2315CF_PICO.dir/content/pico/pico-sdk/src/rp2_common/pico_printf/printf.c.o
 .rodata.crlf_str.0
                0x00000000100116b0        0x2 CMakeFiles/V2315CF_PICO.dir/content/pico/pico-sdk/src/rp2_common/pico_stdio/stdio.c.o
 *fill*         0x00000000100116b2        0x2 
 .rodata.str1.4
                0x00000000100116b4       0x2c CMakeFiles/V2315CF_PICO.dir/content/pico/pico-sdk/src/rp2_common/pico_stdio_uart/stdio_uart.c.o
 .rodata.__bi_45.4
                0x00000000100116e0        0xc CMakeFiles/V2315CF_PICO.dir/content/pico/pico-sdk/src/rp2_common/pico_stdio_uart/stdio_uart.c.o
 .rodata.__bi_49.5
                0x00000000100116ec        0x8 CMakeFiles/V2315CF_PICO.dir/content/pico/pico-sdk/src/rp2_common/pico_stdio_uart/stdio_uart.c.o
 .rodata.__bi_50.6
                0x00000000100116f4        0x8 CMakeFiles/V2315CF_PICO.dir/content/pico/pico-sdk/src/rp2_common/pico_stdio_uart/stdio_uart.c.o
 .rodata.ff_wtoupper
                0x00000000100116fc       0x24 CMakeFiles/V2315CF_PICO.dir/lib/no-OS-FatFS-SD-SPI-RPi-Pico/FatFs_SPI/ff15/source/ffunicode.c.o
 .rodata.cvt1.1
                0x0000000010011720      0x1f2 CMakeFiles/V2315CF_PICO.dir/lib/no-OS-FatFS-SD-SPI-RPi-Pico/FatFs_SPI/ff15/source/ffunicode.c.o
 *fill*         0x0000000010011912        0x2 
 .rodata.cvt2.0
                0x0000000010011914       0xbc CMakeFiles/V2315CF_PICO.dir/lib/no-OS-FatFS-SD-SPI-RPi-Pico/FatFs_SPI/ff15/source/ffunicode.c.o
 .rodata.uc437  0x00000000100119d0      0x100 CMakeFiles/V2315CF_PICO.dir/lib/no-OS-FatFS-SD-SPI-RPi-Pico/FatFs_SPI/ff15/source/ffunicode.c.o
 .rodata.check_fs.str1.4
                0x0000000010011ad0       0x15 CMakeFiles/V2315CF_PICO.dir/lib/no-OS-FatFS-SD-SPI-RPi-Pico/FatFs_SPI/ff15/source/ff.c.o
 *fill*         0x0000000010011ae5        0x3 
 .rodata.follow_path.str1.4
                0x0000000010011ae8       0x13 CMakeFiles/V2315CF_PICO.dir/lib/no-OS-FatFS-SD-SPI-RPi-Pico/FatFs_SPI/ff15/source/ff.c.o
 *fill*         0x0000000010011afb        0x1 
 .rodata        0x0000000010011afc       0x2c CMakeFiles/V2315CF_PICO.dir/lib/no-OS-FatFS-SD-SPI-RPi-Pico/FatFs_SPI/ff15/source/ff.c.o
 .rodata.ExCvt  0x0000000010011b28       0x80 CMakeFiles/V2315CF_PICO.dir/lib/no-OS-FatFS-SD-SPI-RPi-Pico/FatFs_SPI/ff15/source/ff.c.o
 .rodata.GUID_MS_Basic
                0x0000000010011ba8       0x10 CMakeFiles/V2315CF_PICO.dir/lib/no-OS-FatFS-SD-SPI-RPi-Pico/FatFs_SPI/ff15/source/ff.c.o
 .rodata.LfnOfs
                0x0000000010011bb8        0xd CMakeFiles/V2315CF_PICO.dir/lib/no-OS-FatFS-SD-SPI-RPi-Pico/FatFs_SPI/ff15/source/ff.c.o
 *fill*         0x0000000010011bc5        0x3 
 .rodata.sd_spi_go_high_frequency.str1.4
                0x0000000010011bc8       0x1b CMakeFiles/V2315CF_PICO.dir/lib/no-OS-FatFS-SD-SPI-RPi-Pico/FatFs_SPI/sd_driver/sd_spi.c.o
 *fill*         0x0000000010011be3        0x1 
 .rodata.sd_spi_write.str1.4
                0x0000000010011be4       0x67 CMakeFiles/V2315CF_PICO.dir/lib/no-OS-FatFS-SD-SPI-RPi-Pico/FatFs_SPI/sd_driver/sd_spi.c.o
 *fill*         0x0000000010011c4b        0x1 
 .rodata.__FUNCTION__.1
                0x0000000010011c4c       0x18 CMakeFiles/V2315CF_PICO.dir/lib/no-OS-FatFS-SD-SPI-RPi-Pico/FatFs_SPI/sd_driver/sd_spi.c.o
 .rodata.__FUNCTION__.2
                0x0000000010011c64       0x19 CMakeFiles/V2315CF_PICO.dir/lib/no-OS-FatFS-SD-SPI-RPi-Pico/FatFs_SPI/sd_driver/sd_spi.c.o
 *fill*         0x0000000010011c7d        0x3 
 .rodata.__func__.0
                0x0000000010011c80        0xd CMakeFiles/V2315CF_PICO.dir/lib/no-OS-FatFS-SD-SPI-RPi-Pico/FatFs_SPI/sd_driver/sd_spi.c.o
 *fill*         0x0000000010011c8d        0x3 
 .rodata.str1.4
                0x0000000010011c90       0xf7 CMakeFiles/V2315CF_PICO.dir/lib/no-OS-FatFS-SD-SPI-RPi-Pico/FatFs_SPI/sd_driver/spi.c.o
 *fill*         0x0000000010011d87        0x1 
 .rodata.spi_lock.str1.4
                0x0000000010011d88       0x23 CMakeFiles/V2315CF_PICO.dir/lib/no-OS-FatFS-SD-SPI-RPi-Pico/FatFs_SPI/sd_driver/spi.c.o
 *fill*         0x0000000010011dab        0x1 
 .rodata.__FUNCTION__.3
                0x0000000010011dac        0xd CMakeFiles/V2315CF_PICO.dir/lib/no-OS-FatFS-SD-SPI-RPi-Pico/FatFs_SPI/sd_driver/spi.c.o
 *fill*         0x0000000010011db9        0x3 
 .rodata.__func__.0
                0x0000000010011dbc       0x10 CMakeFiles/V2315CF_PICO.dir/lib/no-OS-FatFS-SD-SPI-RPi-Pico/FatFs_SPI/sd_driver/spi.c.o
 .rodata.__func__.1
                0x0000000010011dcc        0xb CMakeFiles/V2315CF_PICO.dir/lib/no-OS-FatFS-SD-SPI-RPi-Pico/FatFs_SPI/sd_driver/spi.c.o
 *fill*         0x0000000010011dd7        0x1 
 .rodata.__func__.2
                0x0000000010011dd8        0x9 CMakeFiles/V2315CF_PICO.dir/lib/no-OS-FatFS-SD-SPI-RPi-Pico/FatFs_SPI/sd_driver/spi.c.o
 *fill*         0x0000000010011de1        0x3 
 .rodata.__func__.6
                0x0000000010011de4        0xd CMakeFiles/V2315CF_PICO.dir/lib/no-OS-FatFS-SD-SPI-RPi-Pico/FatFs_SPI/sd_driver/spi.c.o
 .rodata.dummy.5
                0x0000000010011df1        0x1 CMakeFiles/V2315CF_PICO.dir/lib/no-OS-FatFS-SD-SPI-RPi-Pico/FatFs_SPI/sd_driver/spi.c.o
 *fill*         0x0000000010011df2        0x2 
 .rodata.sd_sectors_nolock.part.0.str1.4
                0x0000000010011df4      0x1ee CMakeFiles/V2315CF_PICO.dir/lib/no-OS-FatFS-SD-SPI-RPi-Pico/FatFs_SPI/sd_driver/sd_card.c.o
 *fill*         0x0000000010011fe2        0x2 
 .rodata.sd_write_block.constprop.0.str1.4
                0x0000000010011fe4       0x2c CMakeFiles/V2315CF_PICO.dir/lib/no-OS-FatFS-SD-SPI-RPi-Pico/FatFs_SPI/sd_driver/sd_card.c.o
 .rodata.sd_cmd.str1.4
                0x0000000010012010      0x34e CMakeFiles/V2315CF_PICO.dir/lib/no-OS-FatFS-SD-SPI-RPi-Pico/FatFs_SPI/sd_driver/sd_card.c.o
 *fill*         0x000000001001235e        0x2 
 .rodata.sd_read_blocks.str1.4
                0x0000000010012360       0x61 CMakeFiles/V2315CF_PICO.dir/lib/no-OS-FatFS-SD-SPI-RPi-Pico/FatFs_SPI/sd_driver/sd_card.c.o
 *fill*         0x00000000100123c1        0x3 
 .rodata.sd_write_blocks.str1.4
                0x00000000100123c4       0x48 CMakeFiles/V2315CF_PICO.dir/lib/no-OS-FatFS-SD-SPI-RPi-Pico/FatFs_SPI/sd_driver/sd_card.c.o
 .rodata.sd_init.str1.4
                0x000000001001240c      0x19b CMakeFiles/V2315CF_PICO.dir/lib/no-OS-FatFS-SD-SPI-RPi-Pico/FatFs_SPI/sd_driver/sd_card.c.o
 *fill*         0x00000000100125a7        0x1 
 .rodata.__FUNCTION__.2
                0x00000000100125a8        0xe CMakeFiles/V2315CF_PICO.dir/lib/no-OS-FatFS-SD-SPI-RPi-Pico/FatFs_SPI/sd_driver/sd_card.c.o
 *fill*         0x00000000100125b6        0x2 
 .rodata.__FUNCTION__.4
                0x00000000100125b8        0xe CMakeFiles/V2315CF_PICO.dir/lib/no-OS-FatFS-SD-SPI-RPi-Pico/FatFs_SPI/sd_driver/sd_card.c.o
 *fill*         0x00000000100125c6        0x2 
 .rodata.__func__.1
                0x00000000100125c8        0xf CMakeFiles/V2315CF_PICO.dir/lib/no-OS-FatFS-SD-SPI-RPi-Pico/FatFs_SPI/sd_driver/sd_card.c.o
 *fill*         0x00000000100125d7        0x1 
 .rodata.__func__.3
                0x00000000100125d8        0xa CMakeFiles/V2315CF_PICO.dir/lib/no-OS-FatFS-SD-SPI-RPi-Pico/FatFs_SPI/sd_driver/sd_card.c.o
 *fill*         0x00000000100125e2        0x2 
 .rodata.__func__.5
                0x00000000100125e4       0x12 CMakeFiles/V2315CF_PICO.dir/lib/no-OS-FatFS-SD-SPI-RPi-Pico/FatFs_SPI/sd_driver/sd_card.c.o
 *fill*         0x00000000100125f6        0x2 
 .rodata.__func__.6
                0x00000000100125f8        0x8 CMakeFiles/V2315CF_PICO.dir/lib/no-OS-FatFS-SD-SPI-RPi-Pico/FatFs_SPI/sd_driver/sd_card.c.o
 .rodata.m_Crc16Table
                0x0000000010012600      0x200 CMakeFiles/V2315CF_PICO.dir/lib/no-OS-FatFS-SD-SPI-RPi-Pico/FatFs_SPI/sd_driver/crc.c.o
 .rodata.m_Crc7Table
                0x0000000010012800      0x100 CMakeFiles/V2315CF_PICO.dir/lib/no-OS-FatFS-SD-SPI-RPi-Pico/FatFs_SPI/sd_driver/crc.c.o
 .rodata.my_printf.str1.4
                0x0000000010012900        0x3 CMakeFiles/V2315CF_PICO.dir/lib/no-OS-FatFS-SD-SPI-RPi-Pico/FatFs_SPI/src/my_debug.c.o
 *fill*         0x0000000010012903        0x1 
 .rodata.my_assert_func.str1.4
                0x0000000010012904       0x39 CMakeFiles/V2315CF_PICO.dir/lib/no-OS-FatFS-SD-SPI-RPi-Pico/FatFs_SPI/src/my_debug.c.o
 *fill*         0x000000001001293d        0x3 
 .rodata.dma_claim_unused_channel.str1.4
                0x0000000010012940       0x1e CMakeFiles/V2315CF_PICO.dir/content/pico/pico-sdk/src/rp2_common/hardware_dma/dma.c.o
 *fill*         0x000000001001295e        0x2 
 .rodata        0x0000000010012960        0x4 /usr/lib/gcc/arm-none-eabi/10.3.1/../../../arm-none-eabi/lib/thumb/v6-m/nofp/libg.a(lib_a-impure.o)
                0x0000000010012960                _global_impure_ptr
                0x0000000010012964                . = ALIGN (0x4)
 *(SORT_BY_ALIGNMENT(SORT_BY_NAME(.flashdata*)))
                0x0000000010012964                . = ALIGN (0x4)

.ARM.extab
 *(.ARM.extab* .gnu.linkonce.armextab.*)
                0x0000000010012964                __exidx_start = .

.ARM.exidx
 *(.ARM.exidx* .gnu.linkonce.armexidx.*)
                0x0000000010012964                __exidx_end = .
                0x0000000010012964                . = ALIGN (0x4)
                0x0000000010012964                __binary_info_start = .

.binary_info    0x0000000010012964       0x30
 *(.binary_info.keep.*)
 .binary_info.keep.__bi_ptr652
                0x0000000010012964        0x4 CMakeFiles/V2315CF_PICO.dir/emulator_hardware.cpp.o
 .binary_info.keep.__bi_ptr660
                0x0000000010012968        0x4 CMakeFiles/V2315CF_PICO.dir/emulator_hardware.cpp.o
 .binary_info.keep.__bi_ptr26
                0x000000001001296c        0x4 CMakeFiles/V2315CF_PICO.dir/content/pico/pico-sdk/src/rp2_common/pico_standard_binary_info/standard_binary_info.c.o
 .binary_info.keep.__bi_ptr34
                0x0000000010012970        0x4 CMakeFiles/V2315CF_PICO.dir/content/pico/pico-sdk/src/rp2_common/pico_standard_binary_info/standard_binary_info.c.o
 .binary_info.keep.__bi_ptr42
                0x0000000010012974        0x4 CMakeFiles/V2315CF_PICO.dir/content/pico/pico-sdk/src/rp2_common/pico_standard_binary_info/standard_binary_info.c.o
 .binary_info.keep.__bi_ptr48
                0x0000000010012978        0x4 CMakeFiles/V2315CF_PICO.dir/content/pico/pico-sdk/src/rp2_common/pico_standard_binary_info/standard_binary_info.c.o
 .binary_info.keep.__bi_ptr54